Time: 1
Particle 0:0.899877 0.435111 4.43771 0.0318853 -0.799491 0.0798248 0.0354362  - w = 0.238765
Particle 1:0.713002 0.505033 2.93172 0.0363326 -0.607021 0.608021 0.0461054  - w = 0.186856
Particle 2:-0.288709 0.664149 9.21047 0.0320849 -0.911317 0.340006 0.0383216  - w = 0.179083
Particle 3:0.23777 0.562461 2.9344 0.0417553 -0.571127 0.948943 0.0385649  - w = 0.199579
Particle 4:0.217924 0.544181 8.635 0.0295706 -0.933864 -0.0295068 0.0431908  - w = 0.195717
Time: 2
Particle 0:0.908232 0.441111 4.4452 0.0328614 -0.797235 0.0798248 0.0348867  - w = 0.220435
Particle 1:0.709271 0.510495 2.89682 0.0382349 -0.607752 0.608021 0.0426293  - w = 0.171515
Particle 2:-0.294862 0.690993 9.2206 0.0325537 -0.909329 0.340006 0.0394436  - w = 0.203567
Particle 3:0.242978 0.557763 2.88401 0.0418339 -0.564471 0.948943 0.0382933  - w = 0.215383
Particle 4:0.221278 0.564326 8.64698 0.0288273 -0.93447 -0.0295068 0.0473722  - w = 0.1891
Time: 3
Particle 0:0.903797 0.448254 4.44358 0.0324535 -0.808391 0.0798248 0.0353609  - w = 0.23852
Particle 1:0.715524 0.52165 2.89804 0.0379004 -0.613669 0.608021 0.0358331  - w = 0.181282
Particle 2:-0.305372 0.688161 9.26051 0.0329357 -0.905706 0.340006 0.0306817  - w = 0.218953
Particle 3:0.248123 0.570719 2.88217 0.0422567 -0.571959 0.948943 0.0449237  - w = 0.194184
Particle 4:0.21894 0.571128 8.69097 0.0295047 -0.940054 -0.0295068 0.0504256  - w = 0.167062
Time: 4
Particle 0:0.902309 0.465094 4.44967 0.0339933 -0.812912 0.0798248 0.0317137  - w = 0.285945
Particle 1:0.702402 0.528994 2.8871 0.0402469 -0.613491 0.608021 0.027117  - w = 0.21041
Particle 2:-0.309466 0.681767 9.25113 0.03298 -0.903814 0.340006 0.0267284  - w = 0.180367
Particle 3:0.248059 0.588658 2.8649 0.0421071 -0.577357 0.948943 0.0415972  - w = 0.179166
Particle 4:0.219492 0.56384 8.73774 0.0270319 -0.946238 -0.0295068 0.0457999  - w = 0.144112
Time: 5
Particle 0:0.896742 0.48977 4.44089 0.0340057 -0.823247 0.0798248 0.0360117  - w = 0.267387
Particle 1:0.710883 0.538003 2.90504 0.0403143 -0.614035 0.608021 0.0315589  - w = 0.231657
Particle 2:-0.322082 0.69065 9.23654 0.0327196 -0.898089 0.340006 0.0264223  - w = 0.21855
Particle 3:0.237704 0.559889 2.86369 0.0425327 -0.578112 0.948943 0.0417963  - w = 0.155533
Particle 4:0.221804 0.577817 8.73955 0.027917 -0.944408 -0.0295068 0.0458987  - w = 0.126873
Time: 6
Particle 0:0.897355 0.488 4.45428 0.0318151 -0.819576 0.0798248 0.0389088  - w = 0.231612
Particle 1:0.712168 0.533273 2.87232 0.039595 -0.602779 0.608021 0.0381214  - w = 0.214073
Particle 2:-0.324359 0.671565 9.23259 0.0342247 -0.904191 0.340006 0.0254943  - w = 0.284886
Particle 3:0.224128 0.551694 2.86614 0.0415004 -0.582843 0.948943 0.0343407  - w = 0.161246
Particle 4:0.221562 0.573539 8.72562 0.027108 -0.945742 -0.0295068 0.0467298  - w = 0.108183
Time: 7
Particle 0:0.894569 0.493657 4.46381 0.0333116 -0.815459 0.0798248 0.0436973  - w = 0.185169
Particle 1:0.716278 0.535414 2.89715 0.0397557 -0.60665 0.608021 0.0326677  - w = 0.220852
Particle 2:-0.329399 0.675368 9.23961 0.0335539 -0.91193 0.340006 0.0263997  - w = 0.3328
Particle 3:0.245074 0.569965 2.87462 0.0419624 -0.580862 0.948943 0.0272361  - w = 0.173698
Particle 4:0.216892 0.554277 8.71149 0.0276766 -0.940745 -0.0295068 0.0483348  - w = 0.0874814
Time: 8
Particle 0:0.885766 0.488375 4.44547 0.0325931 -0.824384 0.0798248 0.0398433  - w = 0.165421
Particle 1:0.705861 0.539357 2.90479 0.0384777 -0.609428 0.608021 0.0371843  - w = 0.204491
Particle 2:-0.332768 0.660143 9.22956 0.0343562 -0.909638 0.340006 0.0259679  - w = 0.391322
Particle 3:0.236818 0.562234 2.90273 0.042075 -0.578543 0.948943 0.0280462  - w = 0.174481
Particle 4:0.225352 0.557766 8.71939 0.0266476 -0.939426 -0.0295068 0.0527089  - w = 0.0642847
Time: 9
Particle 0:0.88194 0.475057 4.43801 0.0339057 -0.837217 0.0798248 0.0400545  - w = 0.13338
Particle 1:0.715955 0.539185 2.89884 0.0393551 -0.609752 0.608021 0.0413831  - w = 0.166234
Particle 2:-0.329676 0.673687 9.25271 0.0342612 -0.897626 0.340006 0.0242818  - w = 0.478635
Particle 3:0.239506 0.563947 2.87125 0.0413829 -0.573557 0.948943 0.0345302  - w = 0.17646
Particle 4:0.222983 0.56076 8.75481 0.0248006 -0.955491 -0.0295068 0.0586046  - w = 0.0452922
Time: 10
Particle 0:0.783622 0.510169 5.3331 0.0387805 -0.922803 0.50627 0.0314357  - w = 0.252106
Particle 1:-0.550923 0.379186 0.723098 0.0927139 -0.648804 0.949125 0.0315877  - w = 0.127875
Particle 2:0.362412 0.804158 3.66736 0.0488604 -0.583149 1.18043 0.0341915  - w = 0.214777
Particle 3:0.634985 0.507208 2.55392 0.0508214 -0.691394 0.936629 0.0314109  - w = 0.240508
Particle 4:-0.0958801 0.757333 2.71425 0.051328 -0.508584 0.867132 0.0326419  - w = 0.164734
Time: 11
Particle 0:0.785283 0.529846 5.32325 0.038572 -0.926707 0.50627 0.0350744  - w = 0.250459
Particle 1:-0.557753 0.359528 0.729504 0.0933335 -0.639388 0.949125 0.0338332  - w = 0.123317
Particle 2:0.356918 0.798949 3.68202 0.0475746 -0.574223 1.18043 0.0299601  - w = 0.210724
Particle 3:0.635537 0.510025 2.53181 0.0507943 -0.692118 0.936629 0.0273566  - w = 0.251561
Particle 4:-0.100423 0.771377 2.71058 0.0516154 -0.508565 0.867132 0.0210059  - w = 0.163939
Time: 12
Particle 0:0.788137 0.536329 5.33364 0.0396747 -0.927663 0.50627 0.0377495  - w = 0.278025
Particle 1:-0.571265 0.376348 0.699494 0.0935984 -0.63949 0.949125 0.0293358  - w = 0.0950877
Particle 2:0.358896 0.810089 3.69387 0.0474034 -0.578934 1.18043 0.0312368  - w = 0.207916
Particle 3:0.64594 0.514176 2.51336 0.0512062 -0.690156 0.936629 0.0353548  - w = 0.280899
Particle 4:-0.0866352 0.754383 2.70256 0.0507459 -0.499735 0.867132 0.0213316  - w = 0.138071
Time: 13
Particle 0:0.785595 0.54813 5.33281 0.0414545 -0.926528 0.50627 0.0399062  - w = 0.273586
Particle 1:-0.582964 0.376921 0.697817 0.0948839 -0.645799 0.949125 0.0335069  - w = 0.109793
Particle 2:0.352493 0.797247 3.69799 0.0456457 -0.579292 1.18043 0.0373645  - w = 0.193358
Particle 3:0.647274 0.513207 2.48699 0.0506038 -0.682369 0.936629 0.035564  - w = 0.275924
Particle 4:-0.0902364 0.737908 2.73186 0.0486422 -0.495314 0.867132 0.0221122  - w = 0.147339
Time: 14
Particle 0:0.779242 0.549694 5.35533 0.0423135 -0.926229 0.50627 0.0417738  - w = 0.233836
Particle 1:-0.577151 0.372685 0.694132 0.0936001 -0.645111 0.949125 0.0348666  - w = 0.13452
Particle 2:0.352506 0.800731 3.68045 0.0467955 -0.583416 1.18043 0.0440357  - w = 0.185297
Particle 3:0.65905 0.539643 2.46441 0.0505824 -0.686077 0.936629 0.0313215  - w = 0.278035
Particle 4:-0.0955612 0.750098 2.76704 0.0487806 -0.49446 0.867132 0.025112  - w = 0.168312
Time: 15
Particle 0:0.363716 0.58568 2.73906 0.0549123 -0.661711 1.15235 0.0295409  - w = 0.0655026
Particle 1:-0.57645 0.391131 0.682091 0.0917412 -0.648306 0.949125 0.0320145  - w = 0.21865
Particle 2:0.351923 0.833026 3.69351 0.0460772 -0.587226 1.18043 0.0573163  - w = 0.185576
Particle 3:0.650018 0.558214 2.45373 0.0509314 -0.685371 0.936629 0.0314938  - w = 0.299268
Particle 4:-0.0870941 0.742984 2.77963 0.048535 -0.491998 0.867132 0.0358521  - w = 0.231004
Time: 16
Particle 0:0.359492 0.588339 2.72723 0.054036 -0.661843 1.15235 0.0268935  - w = 0.0783007
Particle 1:-0.588849 0.378247 0.70808 0.0927804 -0.64935 0.949125 0.0235789  - w = 0.18251
Particle 2:0.356006 0.836213 3.68235 0.0450876 -0.590714 1.18043 0.0494102  - w = 0.153606
Particle 3:0.650863 0.553096 2.47766 0.0506134 -0.67659 0.936629 0.0314528  - w = 0.344294
Particle 4:-0.0779786 0.745838 2.80552 0.0499533 -0.493974 0.867132 0.0203841  - w = 0.24129
Time: 17
Particle 0:0.349108 0.572507 2.75315 0.0538007 -0.662136 1.15235 0.0337441  - w = 0.0706557
Particle 1:-0.599131 0.383647 0.739922 0.0930044 -0.651428 0.949125 0.0249695  - w = 0.209073
Particle 2:0.362073 0.842447 3.69267 0.0454146 -0.592766 1.18043 0.0441353  - w = 0.122564
Particle 3:0.639752 0.550567 2.45233 0.0512853 -0.679693 0.936629 0.0287927  - w = 0.333006
Particle 4:-0.0658137 0.744912 2.82796 0.049143 -0.48822 0.867132 0.0246594  - w = 0.264702
Time: 18
Particle 0:0.837622 0.573576 4.68924 0.0835351 -0.778973 0.765551 0.0139597  - w = 0.238402
Particle 1:0.728174 0.98828 5.33236 0.0634575 -0.459998 -0.971094 0.0244345  - w = 0.178973
Particle 2:0.725163 0.424635 2.64737 0.0856344 -0.634455 0.175528 0.0226999  - w = 0.198894
Particle 3:-0.0115536 0.455312 2.33363 0.123798 -0.694815 1.54574 0.0195049  - w = 0.202765
Particle 4:1.20611 1.04891 3.99157 0.0808624 -0.364431 0.136571 0.0229546  - w = 0.180966
Time: 19
Particle 0:0.841345 0.561904 4.67355 0.0829367 -0.776427 0.765551 0.0188225  - w = 0.2624
Particle 1:0.735324 0.981536 5.29115 0.0653149 -0.462999 -0.971094 0.0260976  - w = 0.181571
Particle 2:0.723994 0.409025 2.61072 0.0849414 -0.627604 0.175528 0.0263934  - w = 0.199981
Particle 3:-0.0194507 0.483766 2.32476 0.124404 -0.696593 1.54574 0.0228168  - w = 0.233392
Particle 4:1.19987 1.06187 3.99875 0.0821817 -0.3577 0.136571 0.0468004  - w = 0.122655
Time: 20
Particle 0:0.849514 0.560116 4.65245 0.0822847 -0.772176 0.765551 0.0160955  - w = 0.318905
Particle 1:0.742944 1.00439 5.27641 0.0654636 -0.460256 -0.971094 0.0207853  - w = 0.219241
Particle 2:0.731881 0.404761 2.63186 0.0855712 -0.63007 0.175528 0.0286144  - w = 0.244216
Particle 3:0.0898914 0.289554 0.667325 0.346771 -0.982228 1.46869 0.0207998  - w = 0.0594384
Particle 4:1.20633 1.07735 3.9809 0.0801964 -0.359524 0.136571 0.0269217  - w = 0.158199
Time: 21
Particle 0:1.23558 0.165044 1.04554 0.182095 -0.818296 0.788581 0.0221604  - w = 0.0608478
Particle 1:1.15788 0.461854 2.69352 0.0868396 -0.675277 -0.470438 0.0217401  - w = 0.0682839
Particle 2:2.03619 1.50912 4.16378 0.0964682 -0.270102 -0.168573 0.0178937  - w = 0.0139893
Particle 3:0.0966193 0.293863 0.693176 0.348088 -0.97771 1.46869 0.0265846  - w = 0.736592
Particle 4:0.843177 0.944027 3.32549 0.0643709 -0.309639 -1.74331 0.027562  - w = 0.120287
Time: 22
Particle 0:1.2397 0.160852 1.03446 0.181438 -0.818637 0.788581 0.0228547  - w = 0.203105
Particle 1:0.0817964 0.301879 0.712931 0.350365 -0.97721 1.46869 0.0274715  - w = 0.1927
Particle 2:0.0960848 0.268866 0.719737 0.348188 -0.977973 1.46869 0.027682  - w = 0.186872
Particle 3:0.105369 0.28279 0.647359 0.348578 -0.974493 1.46869 0.0278696  - w = 0.221696
Particle 4:0.094152 0.299961 0.696304 0.348045 -0.980457 1.46869 0.0284759  - w = 0.195627
Time: 23
Particle 0:1.17881 0.999999 3.89811 0.102357 -0.438243 0.567899 0.0143502  - w = 0.0149312
Particle 1:1.14983 1.03673 4.97535 0.0838693 -0.452821 -0.186978 0.0156904  - w = 0.0253612
Particle 2:0.450661 0.506668 4.71207 0.0676037 -0.721437 -0.677868 0.0375673  - w = 0.651906
Particle 3:1.66685 0.42591 5.35817 0.0736089 -0.998705 -0.6005 0.0125478  - w = 0.00221043
Particle 4:0.31439 0.418774 3.52703 0.106944 -0.972307 1.07754 0.0229247  - w = 0.305591
Time: 24
Particle 0:0.443626 0.488857 4.70124 0.0673946 -0.719795 -0.677868 0.0501617  - w = 0.20163
Particle 1:0.454454 0.503055 4.68574 0.0692565 -0.728758 -0.677868 0.0392032  - w = 0.198922
Particle 2:0.454835 0.484992 4.69359 0.066974 -0.724944 -0.677868 0.0475631  - w = 0.203636
Particle 3:0.442623 0.508569 4.71436 0.0685262 -0.720118 -0.677868 0.0457471  - w = 0.202439
Particle 4:0.319495 0.398601 3.52373 0.105183 -0.967609 1.07754 0.0317343  - w = 0.193373
Time: 25
Particle 0:0.450069 0.474186 4.68722 0.06859 -0.71745 -0.677868 0.0488524  - w = 0.173045
Particle 1:0.456265 0.503091 4.7196 0.0688199 -0.729911 -0.677868 0.0381784  - w = 0.211323
Particle 2:0.455874 0.46599 4.66538 0.0661985 -0.724563 -0.677868 0.0459492  - w = 0.197179
Particle 3:0.444947 0.515275 4.69769 0.0697494 -0.724318 -0.677868 0.0396368  - w = 0.204345
Particle 4:0.315457 0.413378 3.50719 0.105888 -0.966686 1.07754 0.0292364  - w = 0.214107
Time: 26
Particle 0:0.448919 0.472039 4.66864 0.0686731 -0.718948 -0.677868 0.0495685  - w = 0.138437
Particle 1:0.447579 0.501314 4.75427 0.0698101 -0.732547 -0.677868 0.0419623  - w = 0.196385
Particle 2:0.441204 0.479744 4.63969 0.0654553 -0.721396 -0.677868 0.0388806  - w = 0.220999
Particle 3:0.438283 0.524391 4.72782 0.0692303 -0.726735 -0.677868 0.0403887  - w = 0.202283
Particle 4:0.324741 0.39324 3.46109 0.106009 -0.967979 1.07754 0.032328  - w = 0.241896
Time: 27
Particle 0:0.461948 0.753328 5.26114 0.0368609 -0.797767 0.487382 0.0292934  - w = 0.11055
Particle 1:0.569898 0.739275 2.88624 0.0540561 -0.710116 1.37167 0.026118  - w = 0.104079
Particle 2:0.441692 0.507444 4.64099 0.0667719 -0.721433 -0.677868 0.0448196  - w = 0.262124
Particle 3:0.419443 0.524584 4.73444 0.0689703 -0.724018 -0.677868 0.0450151  - w = 0.22805
Particle 4:0.305715 0.402357 3.45948 0.10591 -0.969895 1.07754 0.0364992  - w = 0.295197
Time: 28
Particle 0:0.468219 0.740064 5.24422 0.0361868 -0.805127 0.487382 0.0277014  - w = 0.260976
Particle 1:0.565922 0.738528 2.88675 0.0554964 -0.714419 1.37167 0.0221375  - w = 0.263538
Particle 2:0.441686 0.501355 4.61027 0.066975 -0.717202 -0.677868 0.0459117  - w = 0.149124
Particle 3:0.413581 0.530803 4.77237 0.0686464 -0.725945 -0.677868 0.03663  - w = 0.147707
Particle 4:0.312872 0.386402 3.44654 0.10488 -0.967694 1.07754 0.0351206  - w = 0.178655
Time: 29
Particle 0:0.477441 0.728164 5.20886 0.037535 -0.797794 0.487382 0.0371639  - w = 0.377767
Particle 1:0.56881 0.726225 2.90735 0.0547798 -0.724848 1.37167 0.0244436  - w = 0.399031
Particle 2:0.301002 0.484625 3.50217 0.0469228 -0.998165 1.09325 0.0262193  - w = 0.0877284
Particle 3:0.410327 0.547996 4.73605 0.0683389 -0.727688 -0.677868 0.043479  - w = 0.0622503
Particle 4:0.311991 0.397699 3.44118 0.105687 -0.972032 1.07754 0.0412569  - w = 0.0732233
Time: 30
Particle 0:0.481929 0.71362 5.23239 0.0376097 -0.793329 0.487382 0.0361812  - w = 0.390172
Particle 1:0.56858 0.705938 2.90604 0.0537908 -0.722948 1.37167 0.0283145  - w = 0.466432
Particle 2:0.311664 0.478915 3.52312 0.0458584 -0.994271 1.09325 0.0274002  - w = 0.106527
Particle 3:0.404641 0.568261 4.77928 0.0692394 -0.725252 -0.677868 0.0492729  - w = 0.015977
Particle 4:0.30152 0.414313 3.43546 0.104894 -0.978666 1.07754 0.0427269  - w = 0.0208917
Time: 31
Particle 0:0.469616 0.720503 5.23413 0.0377968 -0.797792 0.487382 0.0405931  - w = 0.343859
Particle 1:0.568866 0.693698 2.89001 0.0538305 -0.721202 1.37167 0.0295336  - w = 0.525366
Particle 2:0.298312 0.467067 3.51182 0.0484416 -0.997364 1.09325 0.0263962  - w = 0.121817
Particle 3:0.408054 0.576033 4.78514 0.0692515 -0.724236 -0.677868 0.0463335  - w = 0.00384704
Particle 4:0.315893 0.412877 3.46706 0.105648 -0.985276 1.07754 0.0425197  - w = 0.00511087
Time: 32
Particle 0:0.468463 0.725001 5.22476 0.037413 -0.802779 0.487382 0.0425668  - w = 0.301422
Particle 1:0.752813 0.462735 2.88477 0.0545888 -0.998781 1.38922 0.0244628  - w = 0.0344215
Particle 2:0.185122 0.643988 2.10951 0.0584264 -0.674266 0.814815 0.0244849  - w = 0.0470688
Particle 3:0.56453 0.688861 2.87776 0.054393 -0.732535 1.37167 0.0351158  - w = 0.301777
Particle 4:0.296117 0.464359 3.50454 0.0495748 -0.999 1.09325 0.0322663  - w = 0.31531
Time: 33
Particle 0:0.464858 0.710117 5.18778 0.0362622 -0.796982 0.487382 0.0445731  - w = 0.279679
Particle 1:0.771005 0.467266 2.9235 0.0530961 -0.994836 1.38922 0.026667  - w = 0.0415356
Particle 2:0.184077 0.621381 2.07791 0.0582824 -0.67199 0.814815 0.0245257  - w = 0.0639609
Particle 3:0.574254 0.697063 2.88435 0.0552563 -0.736012 1.37167 0.0409942  - w = 0.279236
Particle 4:0.291292 0.439863 3.50365 0.0485901 -0.999 1.09325 0.0334671  - w = 0.335588
Time: 34
Particle 0:0.464464 0.69279 5.18893 0.0364719 -0.790374 0.487382 0.0461859  - w = 0.240912
Particle 1:0.783749 0.461739 2.89733 0.0528945 -0.991999 1.38922 0.0275819  - w = 0.0446591
Particle 2:0.179142 0.633933 2.13516 0.0590853 -0.671327 0.814815 0.0250066  - w = 0.0781553
Particle 3:0.589008 0.697777 2.89173 0.0563649 -0.737683 1.37167 0.0341981  - w = 0.290504
Particle 4:0.290037 0.452602 3.4731 0.0486859 -0.999 1.09325 0.0342543  - w = 0.34577
Time: 35
Particle 0:0.482729 0.696949 5.19712 0.0351978 -0.787501 0.487382 0.0425398  - w = 0.2052
Particle 1:0.781176 0.456717 2.88595 0.0519421 -0.988024 1.38922 0.0292496  - w = 0.0442918
Particle 2:0.162822 0.631166 2.15112 0.0613179 -0.676994 0.814815 0.0297934  - w = 0.0915378
Particle 3:0.586617 0.707279 2.91856 0.0562931 -0.723506 1.37167 0.0301575  - w = 0.30299
Particle 4:0.300893 0.437837 3.50905 0.0482349 -0.999 1.09325 0.035346  - w = 0.355981
Time: 36
Particle 0:0.488152 0.70672 5.20004 0.0356783 -0.787023 0.487382 0.0491959  - w = 0.165453
Particle 1:0.766553 0.441841 2.88751 0.0519589 -0.991895 1.38922 0.0307215  - w = 0.0437323
Particle 2:0.163189 0.634719 2.14091 0.0605934 -0.676375 0.814815 0.023492  - w = 0.112013
Particle 3:0.586934 0.690568 2.90468 0.0562542 -0.725556 1.37167 0.0261503  - w = 0.325383
Particle 4:0.297345 0.438692 3.54301 0.0515448 -0.999 1.09325 0.0368307  - w = 0.353418
Time: 37
Particle 0:0.490829 0.714532 5.22377 0.0349293 -0.789075 0.487382 0.0550938  - w = 0.138025
Particle 1:0.769781 0.43234 2.88413 0.0510461 -0.99381 1.38922 0.0352477  - w = 0.0386277
Particle 2:0.176177 0.662698 2.15046 0.0608278 -0.6893 0.814815 0.0259567  - w = 0.125611
Particle 3:0.576604 0.682461 2.89228 0.0567687 -0.722947 1.37167 0.0329503  - w = 0.318589
Particle 4:0.293727 0.433963 3.51988 0.050893 -0.99752 1.09325 0.0409961  - w = 0.379147
Time: 38
Particle 0:0.312357 1.09916 3.65469 0.0962083 -0.531567 1.16357 0.0202858  - w = 0.0505297
Particle 1:0.209121 0.45456 1.70988 0.15859 -0.981229 2.16674 0.0216162  - w = 0.0490428
Particle 2:0.580049 0.906741 4.0388 0.080226 -0.588081 0.431198 0.0210396  - w = 0.0509084
Particle 3:0.575212 0.690723 2.87906 0.0556769 -0.720764 1.37167 0.0311524  - w = 0.383285
Particle 4:0.290538 0.449077 3.49275 0.0498919 -0.997138 1.09325 0.0394152  - w = 0.466234
Time: 39
Particle 0:0.322901 1.08223 3.67188 0.095823 -0.537429 1.16357 0.0278248  - w = 0.223409
Particle 1:0.217761 0.462834 1.74372 0.158484 -0.978546 2.16674 0.0246215  - w = 0.235317
Particle 2:0.583212 0.900721 4.04626 0.0791877 -0.590326 0.431198 0.026143  - w = 0.220082
Particle 3:0.482684 0.780368 3.13719 0.093393 -0.634624 0.596274 0.0196182  - w = 0.12965
Particle 4:-0.217444 0.616671 3.98639 0.090408 -0.832029 0.988089 0.0107118  - w = 0.191541
Time: 40
Particle 0:0.314424 1.07532 3.63384 0.0962046 -0.536572 1.16357 0.0371561  - w = 0.174553
Particle 1:0.214315 0.447954 1.74897 0.158233 -0.982023 2.16674 0.0276726  - w = 0.222371
Particle 2:0.584024 0.892119 4.07216 0.0774903 -0.598744 0.431198 0.0277348  - w = 0.191392
Particle 3:0.487058 0.785693 3.138 0.0937284 -0.640074 0.596274 0.020777  - w = 0.133518
Particle 4:-0.21137 0.61489 3.97258 0.0910295 -0.835975 0.988089 0.0122284  - w = 0.278166
Time: 41
Particle 0:0.318368 1.08171 3.67327 0.0957172 -0.534395 1.16357 0.0287154  - w = 0.164775
Particle 1:0.227255 0.441605 1.69448 0.157247 -0.980471 2.16674 0.030616  - w = 0.208592
Particle 2:0.580751 0.894898 4.06533 0.077562 -0.598053 0.431198 0.0448426  - w = 0.140392
Particle 3:0.479031 0.800392 3.14484 0.0941787 -0.645279 0.596274 0.0232266  - w = 0.13186
Particle 4:-0.209464 0.597836 3.98093 0.0913256 -0.840389 0.988089 0.0186462  - w = 0.354381
Time: 42
Particle 0:0.322173 1.09337 3.67449 0.097728 -0.535631 1.16357 0.0367369  - w = 0.763072
Particle 1:0.311074 0.554516 2.73075 0.108964 -0.775717 0.929041 0.0250248  - w = 0.0603049
Particle 2:-0.502424 1.0266 11.7374 0.0709144 -0.993068 0.322282 0.0149059  - w = 0.0756431
Particle 3:0.94245 0.309989 1.26335 0.131645 -0.935551 0.382976 0.0286673  - w = 0.0479372
Particle 4:0.362239 0.624947 4.64889 0.0794142 -0.938884 0.10078 0.0215011  - w = 0.0530429
Time: 43
Particle 0:0.315392 1.11148 3.67959 0.0974146 -0.536849 1.16357 0.0468999  - w = 0.161357
Particle 1:0.327156 1.09559 3.66291 0.0974228 -0.537723 1.16357 0.0317317  - w = 0.199763
Particle 2:0.319324 1.08731 3.69087 0.0991308 -0.533666 1.16357 0.0536198  - w = 0.146365
Particle 3:0.316544 0.537877 2.72007 0.10866 -0.775318 0.929041 0.0273664  - w = 0.235858
Particle 4:0.353136 0.617203 4.64899 0.0800408 -0.939193 0.10078 0.0213442  - w = 0.256657
Time: 44
Particle 0:-0.409 0.715318 3.82001 0.1064 -0.74555 1.42209 0.015879  - w = 0.02169
Particle 1:1.01602 0.494307 3.58186 0.0947132 -0.950721 0.52557 0.0171407  - w = 0.194242
Particle 2:-0.052677 0.424673 0.678213 0.166503 -0.55501 -0.13854 0.0286135  - w = 0.22045
Particle 3:1.13115 0.603693 2.3198 0.143065 -0.737696 1.64602 0.0157911  - w = 0.185492
Particle 4:0.951578 1.87509 5.13794 0.0881138 -0.399155 -0.0982047 0.0265975  - w = 0.378127
Time: 45
Particle 0:-0.409838 0.69907 3.81139 0.106712 -0.747761 1.42209 0.0258577  - w = 0.0306171
Particle 1:1.02026 0.507962 3.57739 0.09517 -0.958405 0.52557 0.0218207  - w = 0.189563
Particle 2:-0.056694 0.420894 0.696925 0.167211 -0.556327 -0.13854 0.0254392  - w = 0.303303
Particle 3:1.14081 0.610822 2.34879 0.142577 -0.742573 1.64602 0.0180612  - w = 0.167562
Particle 4:0.952403 1.87384 5.13375 0.0894288 -0.401401 -0.0982047 0.0443865  - w = 0.308955
Time: 46
Particle 0:0.0172792 0.300241 1.53523 0.117609 -0.923069 0.15473 0.0275342  - w = 0.291751
Particle 1:2.47173 0.0307396 1.38246 0.146098 -0.939961 0.805724 0.0244758  - w = 0.0173868
Particle 2:0.0975147 0.411007 2.10235 0.147466 -0.963641 1.50087 0.0203391  - w = 0.161284
Particle 3:0.538518 0.637691 5.44776 0.0724737 -0.874456 -0.580683 0.0176725  - w = 0.0686918
Particle 4:-0.411398 0.246042 1.17941 0.101971 -0.914265 -0.359068 0.0327473  - w = 0.460887
Time: 47
Particle 0:0.0143482 0.290294 1.56016 0.118104 -0.926982 0.15473 0.0291545  - w = 0.301103
Particle 1:2.47542 0.0356566 1.43113 0.146744 -0.943474 0.805724 0.0257431  - w = 0.00599187
Particle 2:0.102359 0.402637 2.10309 0.145844 -0.956528 1.50087 0.0241816  - w = 0.166894
Particle 3:0.532385 0.656874 5.43736 0.0721733 -0.874388 -0.580683 0.0286296  - w = 0.0582834
Particle 4:-0.42221 0.247991 1.18405 0.0997432 -0.922239 -0.359068 0.0352868  - w = 0.467728
Time: 48
Particle 0:0.0265603 0.294728 1.59581 0.11951 -0.928958 0.15473 0.0297789  - w = 0.328984
Particle 1:2.47372 0.0269066 1.43647 0.145805 -0.944461 0.805724 0.0267499  - w = 0.00467828
Particle 2:0.0919625 0.39877 2.09122 0.145746 -0.961047 1.50087 0.0229024  - w = 0.188841
Particle 3:0.531248 0.647168 5.44462 0.073097 -0.86735 -0.580683 0.0319593  - w = 0.0578742
Particle 4:-0.413769 0.226823 1.1979 0.0980295 -0.913628 -0.359068 0.0325317  - w = 0.419623
Time: 49
Particle 0:0.950768 0.559951 1.08214 0.14921 -0.375275 -0.805942 0.0324285  - w = 0.208523
Particle 1:2.46243 0.0584133 1.41946 0.145728 -0.939716 0.805724 0.0273703  - w = 0.0588752
Particle 2:1.66814 0.133504 1.44091 0.183184 -0.775851 0.348812 0.0253448  - w = 0.234577
Particle 3:-0.394657 0.176402 15.4155 0.0892104 0.812231 0.0830336 0.0184256  - w = 0.0759659
Particle 4:1.98141 0.0466929 1.37834 0.365601 0.999986 3.29757 0.00292684  - w = 0.422059
Time: 50
Particle 0:0.966626 0.553279 1.06582 0.1495 -0.375301 -0.805942 0.0240496  - w = 0.142502
Particle 1:2.46816 0.0701437 1.42954 0.146537 -0.940149 0.805724 0.028181  - w = 0.0347179
Particle 2:1.66558 0.137445 1.45885 0.183212 -0.77777 0.348812 0.0253193  - w = 0.200749
Particle 3:-0.393952 0.178049 15.4055 0.0890343 0.810001 0.0830336 0.0237732  - w = 0.0236776
Particle 4:1.98808 0.0619345 1.39385 0.366248 0.991416 3.29757 0.00512811  - w = 0.598353
Time: 51
Particle 0:-0.683384 0.506263 2.19314 0.240923 -0.98853 1.98198 0.0100601  - w = 0.35319
Particle 1:5.98966 0.24275 1.59815 0.0796332 -0.758182 -1.17337 0.0529502  - w = 0.0198169
Particle 2:0.504643 0.770199 1.65627 0.15386 -0.330387 -0.544145 0.029902  - w = 0.243463
Particle 3:1.6851 0.566621 1.45149 0.168043 -0.376081 -0.364711 0.0275326  - w = 0.130441
Particle 4:-0.105913 0.682557 3.0153 0.181123 -0.619437 1.41848 0.0135664  - w = 0.253089
Time: 52
Particle 0:-0.69252 0.499558 2.16755 0.240981 -0.98664 1.98198 0.0123977  - w = 0.491602
Particle 1:5.99039 0.244494 1.58755 0.079981 -0.75691 -1.17337 0.0610438  - w = 0.00221315
Particle 2:0.501089 0.773887 1.67461 0.15244 -0.33193 -0.544145 0.0144506  - w = 0.181591
Particle 3:1.68043 0.586517 1.47525 0.167516 -0.376211 -0.364711 0.0460119  - w = 0.0604449
Particle 4:-0.105161 0.689292 3.05862 0.181724 -0.617282 1.41848 0.0188361  - w = 0.264149
Time: 53
Particle 0:-0.690514 0.49868 2.17307 0.241556 -0.983622 1.98198 0.01659  - w = 0.618276
Particle 1:6.00395 0.233479 1.64156 0.0800416 -0.750564 -1.17337 0.0697515  - w = 0.000184705
Particle 2:0.506116 0.769399 1.67687 0.15224 -0.338946 -0.544145 0.020335  - w = 0.142569
Particle 3:1.68717 0.598381 1.51777 0.166339 -0.385356 -0.364711 0.0361662  - w = 0.029615
Particle 4:-0.0982955 0.691554 3.02913 0.181827 -0.621808 1.41848 0.0325725  - w = 0.209355
Time: 54
Particle 0:-0.674202 0.503297 2.19015 0.2421 -0.98266 1.98198 0.0181613  - w = 0.236747
Particle 1:-0.68932 0.474967 2.13332 0.23977 -0.982773 1.98198 0.0190602  - w = 0.232016
Particle 2:-0.693744 0.514102 2.20043 0.241198 -0.985404 1.98198 0.0182025  - w = 0.236417
Particle 3:1.66462 0.60984 1.48506 0.166471 -0.38631 -0.364711 0.0505642  - w = 0.0917795
Particle 4:-0.0891523 0.689914 3.02807 0.182518 -0.622442 1.41848 0.021853  - w = 0.20304
Time: 55
Particle 0:-0.673814 0.503722 2.1866 0.242223 -0.981718 1.98198 0.0204174  - w = 0.248152
Particle 1:-0.687403 0.464042 2.15847 0.238162 -0.989743 1.98198 0.0190159  - w = 0.257614
Particle 2:-0.693464 0.517636 2.25611 0.242271 -0.983773 1.98198 0.018659  - w = 0.255508
Particle 3:1.66676 0.605039 1.52694 0.165973 -0.382681 -0.364711 0.0521647  - w = 0.0390147
Particle 4:-0.0884022 0.655361 3.00626 0.183747 -0.622014 1.41848 0.0224493  - w = 0.199712
Time: 56
Particle 0:0.0255162 0.349557 1.4249 0.080517 -0.651896 -0.858515 0.0423478  - w = 0.270028
Particle 1:0.536445 0.652373 1.79129 0.133089 -0.524502 0.251873 0.0372089  - w = 0.171752
Particle 2:1.98082 0.574925 3.28355 0.0811936 -0.645858 -0.828237 0.0345581  - w = 0.0534966
Particle 3:0.0226165 0.493226 1.93288 0.1432 -0.739078 0.75764 0.0354416  - w = 0.217281
Particle 4:-0.165005 0.501616 1.6903 0.104164 -0.510532 -0.266476 0.0439747  - w = 0.287442
Time: 57
Particle 0:0.0175036 0.360024 1.36691 0.0800688 -0.652226 -0.858515 0.040656  - w = 0.257665
Particle 1:0.540157 0.643905 1.73863 0.133051 -0.519872 0.251873 0.0241462  - w = 0.200138
Particle 2:1.97805 0.568971 3.269 0.0808901 -0.63795 -0.828237 0.0342259  - w = 0.0904036
Particle 3:0.0309505 0.500874 1.95672 0.142951 -0.735159 0.75764 0.0301056  - w = 0.18546
Particle 4:-0.165173 0.519459 1.70874 0.103167 -0.513384 -0.266476 0.0323991  - w = 0.266334
Time: 58
Particle 0:0.0171985 0.354476 1.38807 0.0816392 -0.653117 -0.858515 0.038229  - w = 0.229686
Particle 1:0.535066 0.644617 1.75674 0.133531 -0.515582 0.251873 0.0364625  - w = 0.169132
Particle 2:1.97109 0.564851 3.26048 0.0797643 -0.640747 -0.828237 0.0362835  - w = 0.0671961
Particle 3:0.0344583 0.516432 1.97765 0.141724 -0.742244 0.75764 0.0249364  - w = 0.215049
Particle 4:-0.152402 0.526717 1.67969 0.102552 -0.505818 -0.266476 0.0288295  - w = 0.318936
Time: 59
Particle 0:0.0199183 0.35622 1.36599 0.0806252 -0.645108 -0.858515 0.0393019  - w = 0.210905
Particle 1:0.529186 0.65674 1.78124 0.133521 -0.516811 0.251873 0.0459222  - w = 0.110225
Particle 2:1.97092 0.570237 3.28757 0.0792713 -0.636883 -0.828237 0.0419591  - w = 0.0391851
Particle 3:0.0221697 0.506428 1.99116 0.142218 -0.746212 0.75764 0.0258925  - w = 0.250199
Particle 4:-0.161928 0.508826 1.66998 0.104464 -0.504532 -0.266476 0.0303716  - w = 0.389486
Time: 60
Particle 0:-0.212706 0.796137 3.83119 0.0714974 -0.633657 0.801169 0.012274  - w = 0.0528136
Particle 1:0.248929 0.944018 2.82962 0.0851056 -0.525971 0.96763 0.0169461  - w = 0.056465
Particle 2:0.715377 0.713539 3.32498 0.0753915 -0.687934 0.907658 0.0144717  - w = 0.0665167
Particle 3:2.37228 0.287653 0.568062 0.0976775 -0.742886 -0.29178 0.0262107  - w = 0.0490578
Particle 4:-0.173416 0.522142 1.67001 0.105494 -0.507952 -0.266476 0.0239665  - w = 0.775147
Time: 61
Particle 0:0.243956 0.94428 2.81698 0.0830501 -0.519233 0.96763 0.0343456  - w = 0.265108
Particle 1:-0.174301 0.505771 1.68932 0.105628 -0.499756 -0.266476 0.0283413  - w = 0.216074
Particle 2:-0.185296 0.528533 1.66506 0.10745 -0.51844 -0.266476 0.0274867  - w = 0.220732
Particle 3:-0.181269 0.537184 1.67091 0.104713 -0.512313 -0.266476 0.0271482  - w = 0.230975
Particle 4:0.308406 0.49124 2.70795 0.0903292 -0.870285 1.04373 0.0220466  - w = 0.067111
Time: 62
Particle 0:0.234403 0.922136 2.81188 0.0819521 -0.527975 0.96763 0.0176341  - w = 0.332338
Particle 1:-0.165037 0.50752 1.68451 0.105747 -0.501953 -0.266476 0.0349669  - w = 0.153697
Particle 2:-0.170472 0.527671 1.6769 0.108513 -0.520373 -0.266476 0.0234815  - w = 0.227502
Particle 3:-0.169993 0.534314 1.67015 0.106055 -0.524128 -0.266476 0.0302177  - w = 0.197901
Particle 4:0.326642 0.49123 2.72556 0.0901599 -0.868155 1.04373 0.0262352  - w = 0.0885624
Time: 63
Particle 0:0.227667 0.934557 2.85353 0.0827466 -0.52546 0.96763 0.0213088  - w = 0.368589
Particle 1:-0.166459 0.519109 1.68545 0.10588 -0.503556 -0.266476 0.0351567  - w = 0.122605
Particle 2:-0.15859 0.521344 1.71548 0.10885 -0.524411 -0.266476 0.0210975  - w = 0.272356
Particle 3:-0.171503 0.538032 1.63677 0.105634 -0.522644 -0.266476 0.0415171  - w = 0.133559
Particle 4:0.321508 0.508453 2.70875 0.0898098 -0.873248 1.04373 0.0312167  - w = 0.10289
Time: 64
Particle 0:0.241607 0.919152 2.872 0.0827534 -0.520954 0.96763 0.0157279  - w = 0.475587
Particle 1:-0.176815 0.51032 1.68488 0.106532 -0.502106 -0.266476 0.0329112  - w = 0.0851318
Particle 2:-0.155489 0.526765 1.69507 0.10833 -0.52431 -0.266476 0.0234239  - w = 0.2446
Particle 3:-0.168423 0.536561 1.64688 0.107036 -0.52481 -0.266476 0.0378033  - w = 0.0828276
Particle 4:0.317448 0.492263 2.69359 0.0918037 -0.867407 1.04373 0.0353443  - w = 0.111853
Time: 65
Particle 0:0.245792 0.913218 2.88372 0.0832502 -0.517547 0.96763 0.0272505  - w = 0.446401
Particle 1:-0.179596 0.508933 1.67928 0.10614 -0.510809 -0.266476 0.0393818  - w = 0.0709093
Particle 2:-0.143962 0.520613 1.69242 0.109158 -0.522445 -0.266476 0.0184114  - w = 0.296742
Particle 3:-0.177945 0.535088 1.63259 0.107033 -0.526943 -0.266476 0.0414645  - w = 0.0668955
Particle 4:0.328034 0.473105 2.68754 0.0899127 -0.861878 1.04373 0.0406717  - w = 0.119052
Time: 66
Particle 0:1.62393 0.521131 2.79291 0.0920644 -0.875558 1.20333 0.020257  - w = 0.259356
Particle 1:0.0607154 1.03549 3.11302 0.0682214 -0.457475 -0.557375 0.024781  - w = 0.120569
Particle 2:0.688663 0.592245 2.35902 0.0968447 -0.698234 1.0383 0.0201734  - w = 0.162448
Particle 3:-0.0565263 0.869749 4.38643 0.0696138 -0.631518 0.344117 0.0211891  - w = 0.0998243
Particle 4:3.04589 0.282313 1.54839 0.0641452 -0.611199 -0.679327 0.023645  - w = 0.357803
Time: 67
Particle 0:1.62575 0.501338 2.78312 0.0918105 -0.880181 1.20333 0.0235133  - w = 0.281936
Particle 1:0.0675565 1.02902 3.11856 0.0676735 -0.458134 -0.557375 0.038155  - w = 0.139242
Particle 2:0.689568 0.566232 2.36994 0.09767 -0.702222 1.0383 0.0231124  - w = 0.237166
Particle 3:-0.0690731 0.900004 4.36951 0.0701418 -0.629323 0.344117 0.0280341  - w = 0.144777
Particle 4:3.047 0.265089 1.56015 0.0644023 -0.608822 -0.679327 0.0248259  - w = 0.196878
Time: 68
Particle 0:1.62591 0.499643 2.79968 0.0933944 -0.88135 1.20333 0.0245091  - w = 0.322716
Particle 1:0.0662294 1.02977 3.12328 0.0669204 -0.454786 -0.557375 0.0303586  - w = 0.121213
Particle 2:0.684535 0.550136 2.35162 0.0986055 -0.707023 1.0383 0.0269214  - w = 0.239545
Particle 3:-0.078995 0.881748 4.36922 0.0702143 -0.628203 0.344117 0.0262677  - w = 0.129011
Particle 4:3.04607 0.273831 1.55243 0.0630973 -0.618287 -0.679327 0.0264972  - w = 0.187515
Time: 69
Particle 0:1.6309 0.522025 2.80899 0.0927293 -0.882569 1.20333 0.0248179  - w = 0.356113
Particle 1:0.0573011 1.03879 3.13253 0.0665005 -0.455842 -0.557375 0.0138745  - w = 0.121128
Particle 2:0.685143 0.541197 2.38158 0.0980258 -0.70418 1.0383 0.028314  - w = 0.208041
Particle 3:-0.0715188 0.862169 4.33938 0.0695154 -0.616408 0.344117 0.0264589  - w = 0.100758
Particle 4:3.04771 0.256352 1.52903 0.062243 -0.617429 -0.679327 0.0231045  - w = 0.21396
Time: 70
Particle 0:1.6479 0.515958 2.81298 0.0925201 -0.888553 1.20333 0.0283679  - w = 0.323086
Particle 1:0.0604127 1.0245 3.13865 0.0652929 -0.459984 -0.557375 0.0159958  - w = 0.194175
Particle 2:0.681368 0.538288 2.34194 0.0983934 -0.697856 1.0383 0.0247549  - w = 0.225168
Particle 3:-0.0696042 0.869542 4.32073 0.0682536 -0.618046 0.344117 0.0277069  - w = 0.102568
Particle 4:3.05142 0.260543 1.53558 0.0624007 -0.624193 -0.679327 0.0241156  - w = 0.155003
Time: 71
Particle 0:1.63704 0.501249 2.87523 0.0917303 -0.896076 1.20333 0.0310012  - w = 0.261439
Particle 1:0.0740451 1.02025 3.16138 0.0645188 -0.44974 -0.557375 0.0232769  - w = 0.254538
Particle 2:0.68578 0.532419 2.3581 0.0965421 -0.694806 1.0383 0.0212434  - w = 0.285145
Particle 3:-0.0666591 0.875018 4.32297 0.0670864 -0.614046 0.344117 0.0266614  - w = 0.11844
Particle 4:0.803629 1.06358 4.24101 0.0603434 -0.517744 -0.0632191 0.0188398  - w = 0.0804379
Time: 72
Particle 0:0.232437 0.654809 1.96501 0.0725577 -0.629727 0.93602 0.0392089  - w = 0.268816
Particle 1:0.557097 0.528721 4.21732 0.0528176 -0.967043 0.772851 0.038871  - w = 0.210652
Particle 2:0.732539 0.517579 2.51779 0.059685 -0.777485 0.679182 0.03844  - w = 0.187494
Particle 3:0.572421 0.541672 1.1537 0.11785 -0.723941 1.64994 0.0384655  - w = 0.210295
Particle 4:0.806115 1.0734 4.23512 0.0597038 -0.503428 -0.0632191 0.0189166  - w = 0.122743
Time: 73
Particle 0:0.228859 0.672121 1.95975 0.0721749 -0.63178 0.93602 0.0355267  - w = 0.281981
Particle 1:0.566448 0.525524 4.23164 0.0534865 -0.967921 0.772851 0.0408482  - w = 0.1914
Particle 2:0.74803 0.529639 2.49411 0.0590315 -0.775349 0.679182 0.0381796  - w = 0.179726
Particle 3:0.590165 0.54537 1.13295 0.119365 -0.724524 1.64994 0.0371699  - w = 0.208162
Particle 4:0.791393 1.06891 4.27065 0.0585143 -0.498158 -0.0632191 0.0148967  - w = 0.138731
Time: 74
Particle 0:0.237464 0.665328 1.9762 0.0708445 -0.628162 0.93602 0.0366266  - w = 0.274062
Particle 1:0.564226 0.520552 4.24245 0.0529113 -0.963157 0.772851 0.0327352  - w = 0.204141
Particle 2:0.754154 0.528294 2.53226 0.0595656 -0.788734 0.679182 0.0284039  - w = 0.217748
Particle 3:0.600512 0.539997 1.10007 0.118011 -0.725638 1.64994 0.0303994  - w = 0.241807
Particle 4:0.637885 0.801956 3.8986 0.0522977 -0.667574 1.01945 0.0346344  - w = 0.0622418
Time: 75
Particle 0:0.517399 0.755068 2.81616 0.0662938 -0.611848 1.01954 0.0420207  - w = 0.0970092
Particle 1:0.294408 0.700824 2.72386 0.0597206 -0.593609 0.643457 0.0428629  - w = 0.111386
Particle 2:0.0935446 0.654966 2.27469 0.061853 -0.597663 0.551136 0.0421259  - w = 0.122026
Particle 3:0.0278563 0.967039 4.38627 0.0552539 -0.587169 0.693092 0.0437565  - w = 0.127441
Particle 4:0.646939 0.808201 3.89472 0.0521768 -0.673022 1.01945 0.0577964  - w = 0.542138
Time: 76
Particle 0:0.516746 0.755783 2.77222 0.0655245 -0.606866 1.01954 0.0450888  - w = 0.0818447
Particle 1:0.285457 0.691129 2.70813 0.0595462 -0.59095 0.643457 0.0517757  - w = 0.12263
Particle 2:0.0879894 0.651956 2.25509 0.0611745 -0.596743 0.551136 0.0451591  - w = 0.127131
Particle 3:0.0199848 0.99317 4.40306 0.0559949 -0.581318 0.693092 0.0757081  - w = 0.169104
Particle 4:0.649093 0.802774 3.88752 0.0524845 -0.674324 1.01945 0.0591097  - w = 0.49929
Time: 77
Particle 0:0.507636 0.749113 2.74262 0.0636593 -0.609439 1.01954 0.0496815  - w = 0.0860723
Particle 1:0.28259 0.697296 2.68508 0.0595173 -0.587577 0.643457 0.0558977  - w = 0.133462
Particle 2:0.0833763 0.649243 2.23413 0.0614001 -0.593088 0.551136 0.0523492  - w = 0.141801
Particle 3:0.0175857 1.01705 4.40332 0.0558005 -0.583741 0.693092 0.0433407  - w = 0.182513
Particle 4:0.650944 0.821511 3.92905 0.0524392 -0.668528 1.01945 0.0612433  - w = 0.456151
Time: 78
Particle 0:0.514541 0.747701 2.74007 0.0632003 -0.608825 1.01954 0.0568464  - w = 0.0897178
Particle 1:0.267034 0.721078 2.7202 0.0592849 -0.595074 0.643457 0.0631654  - w = 0.149911
Particle 2:0.0923251 0.663395 2.25199 0.0603221 -0.584701 0.551136 0.0338205  - w = 0.148614
Particle 3:0.0251505 1.00529 4.39008 0.0560228 -0.582323 0.693092 0.0371914  - w = 0.205102
Particle 4:0.648367 0.827804 3.91478 0.0519647 -0.668241 1.01945 0.0596639  - w = 0.406655
Time: 79
Particle 0:0.686778 0.778537 3.65445 0.0582847 -0.635287 0.460675 0.0454435  - w = 0.0335261
Particle 1:0.459224 0.476583 1.90929 0.0575395 -0.677057 0.117886 0.0437098  - w = 0.0309949
Particle 2:0.554015 0.716664 2.91013 0.0671152 -0.646775 0.883347 0.0458058  - w = 0.0320572
Particle 3:0.609557 0.541861 0.98401 0.105916 -0.590113 0.859675 0.0439298  - w = 0.0327934
Particle 4:0.641562 0.836501 3.94521 0.0526152 -0.667347 1.01945 0.0496832  - w = 0.870628
Time: 80
Particle 0:0.625465 0.827717 3.96196 0.0528704 -0.65948 1.01945 0.0596292  - w = 0.19809
Particle 1:0.646553 0.822471 3.944 0.0520458 -0.670201 1.01945 0.0557074  - w = 0.197912
Particle 2:0.635683 0.851275 3.93168 0.0525208 -0.658961 1.01945 0.0633199  - w = 0.191404
Particle 3:0.622656 0.82158 3.91925 0.0518866 -0.67347 1.01945 0.0570153  - w = 0.195528
Particle 4:0.641268 0.819046 3.96821 0.0530668 -0.660894 1.01945 0.0354113  - w = 0.217065
Time: 81
Particle 0:-0.381617 0.768989 2.51264 0.079913 -0.55195 1.02189 0.0504822  - w = 0.23495
Particle 1:0.0744743 0.405697 2.98862 0.0661411 -0.998213 0.698583 0.0482315  - w = 0.197445
Particle 2:0.372605 0.541447 1.91523 0.0669287 -0.62445 0.26798 0.0489809  - w = 0.180606
Particle 3:0.171914 0.31917 1.48563 0.0770222 -0.930562 0.599805 0.0486785  - w = 0.195111
Particle 4:0.160775 0.547045 3.90982 0.0631584 -0.902026 0.711512 0.0499149  - w = 0.191888
Time: 82
Particle 0:-0.386839 0.778314 2.5299 0.0809804 -0.551819 1.02189 0.0547625  - w = 0.27175
Particle 1:0.0723938 0.417024 2.96503 0.0657209 -0.989529 0.698583 0.0574474  - w = 0.199608
Particle 2:0.369065 0.552962 1.90397 0.0687446 -0.621296 0.26798 0.0491123  - w = 0.13822
Particle 3:0.173059 0.329451 1.50698 0.076766 -0.930931 0.599805 0.0540297  - w = 0.185583
Particle 4:0.161179 0.543696 3.86581 0.065872 -0.900912 0.711512 0.0617388  - w = 0.204841
Time: 83
Particle 0:-0.382281 0.792335 2.54793 0.0805648 -0.552001 1.02189 0.0666432  - w = 0.311719
Particle 1:0.0769613 0.426608 2.96096 0.0649214 -0.98259 0.698583 0.0691146  - w = 0.198887
Particle 2:0.375636 0.567805 1.90405 0.0691966 -0.619641 0.26798 0.0592033  - w = 0.104441
Particle 3:0.193285 0.318919 1.49735 0.0772794 -0.931739 0.599805 0.0606868  - w = 0.160506
Particle 4:0.148718 0.520284 3.86114 0.0645615 -0.89278 0.711512 0.0754932  - w = 0.224447
Time: 84
Particle 0:-0.386444 0.805617 2.5596 0.081285 -0.544424 1.02189 0.0896414  - w = 0.310718
Particle 1:0.0827495 0.422514 2.96761 0.0653877 -0.985737 0.698583 0.0695225  - w = 0.197214
Particle 2:0.359587 0.584375 1.88476 0.0682323 -0.616557 0.26798 0.0584675  - w = 0.104423
Particle 3:0.191705 0.344161 1.52312 0.0770437 -0.929816 0.599805 0.059134  - w = 0.164569
Particle 4:0.157449 0.500974 3.85906 0.0640675 -0.887889 0.711512 0.0805496  - w = 0.223076
Time: 85
Particle 0:-0.392696 0.830402 2.56517 0.0819592 -0.540448 1.02189 0.0903391  - w = 0.295949
Particle 1:0.0804132 0.432329 2.94995 0.0654322 -0.983329 0.698583 0.0646629  - w = 0.199641
Particle 2:0.365254 0.581629 1.88434 0.066489 -0.612987 0.26798 0.0521275  - w = 0.101963
Particle 3:0.180929 0.339525 1.5189 0.0757206 -0.93526 0.599805 0.0572872  - w = 0.169083
Particle 4:0.164703 0.519857 3.86032 0.0632923 -0.882946 0.711512 0.0675515  - w = 0.233363
Time: 86
Particle 0:-0.401829 0.835986 2.56481 0.0820852 -0.535889 1.02189 0.099438  - w = 0.286754
Particle 1:0.0864928 0.440303 2.96332 0.0652753 -0.985114 0.698583 0.0681724  - w = 0.208084
Particle 2:0.361366 0.573208 1.88823 0.0672526 -0.616061 0.26798 0.0450359  - w = 0.0921819
Particle 3:0.173997 0.347954 1.49142 0.0757385 -0.936937 0.599805 0.0608106  - w = 0.182243
Particle 4:0.178645 0.536777 3.85616 0.0614275 -0.879277 0.711512 0.0667334  - w = 0.230737
Time: 87
Particle 0:-0.400287 0.838975 2.56073 0.0820597 -0.527307 1.02189 0.0940992  - w = 0.321297
Particle 1:0.0885991 0.437938 2.97217 0.0661839 -0.987698 0.698583 0.0721938  - w = 0.206696
Particle 2:0.363739 0.555576 1.87004 0.0665937 -0.602309 0.26798 0.0536035  - w = 0.0746434
Particle 3:0.181671 0.352382 1.49503 0.077096 -0.935144 0.599805 0.0651574  - w = 0.183399
Particle 4:0.183989 0.547775 3.84596 0.0616235 -0.880106 0.711512 0.075591  - w = 0.213965
Time: 88
Particle 0:-0.393893 0.858492 2.585 0.082323 -0.528335 1.02189 0.0765013  - w = 0.316389
Particle 1:0.0835323 0.435189 2.97229 0.0662601 -0.987579 0.698583 0.0647128  - w = 0.208792
Particle 2:-0.050397 0.704951 2.39242 0.0891703 -0.571203 0.637297 0.0619615  - w = 0.0615304
Particle 3:0.184659 0.328654 1.50141 0.0772008 -0.93659 0.599805 0.0616794  - w = 0.200196
Particle 4:0.187934 0.56479 3.81323 0.0621029 -0.884956 0.711512 0.0668786  - w = 0.213092
Time: 89
Particle 0:-0.393646 0.859451 2.5654 0.082652 -0.522809 1.02189 0.0705653  - w = 0.31667
Particle 1:0.090934 0.436851 2.97495 0.0646481 -0.987351 0.698583 0.0659635  - w = 0.198783
Particle 2:-0.0438523 0.71892 2.38888 0.0896152 -0.572972 0.637297 0.0649888  - w = 0.0744681
Particle 3:0.200648 0.339961 1.48164 0.0770397 -0.940974 0.599805 0.0635696  - w = 0.209283
Particle 4:0.187544 0.573194 3.77177 0.0643102 -0.893992 0.711512 0.0671019  - w = 0.200796
Time: 90
Particle 0:-0.392625 0.852423 2.58758 0.0813239 -0.524237 1.02189 0.0830504  - w = 0.334672
Particle 1:0.0754334 0.432805 2.98312 0.0638406 -0.990687 0.698583 0.0719896  - w = 0.181294
Particle 2:-0.045537 0.714687 2.36176 0.0901361 -0.579709 0.637297 0.0703624  - w = 0.0899738
Particle 3:0.208569 0.360068 1.482 0.0780883 -0.938303 0.599805 0.0679431  - w = 0.205393
Particle 4:0.188517 0.582411 3.77331 0.0655342 -0.887386 0.711512 0.0835616  - w = 0.188667
Time: 91
Particle 0:-0.388712 0.847784 2.5734 0.0810193 -0.521428 1.02189 0.092291  - w = 0.298811
Particle 1:0.072976 0.437865 2.99596 0.0637443 -0.987799 0.698583 0.0743378  - w = 0.210155
Particle 2:-0.0632759 0.722889 2.3277 0.0904837 -0.576579 0.637297 0.0671804  - w = 0.0928309
Particle 3:0.205745 0.370998 1.47818 0.0778574 -0.932006 0.599805 0.0689237  - w = 0.23308
Particle 4:0.198567 0.562095 3.75318 0.0662206 -0.887907 0.711512 0.0922577  - w = 0.165123
Time: 92
Particle 0:0.166646 0.596253 2.32222 0.0856352 -0.584876 0.978016 0.0845143  - w = 0.208117
Particle 1:0.657056 0.727043 4.06643 0.07198 -0.588278 0.717795 0.0878906  - w = 0.179125
Particle 2:0.399672 0.432924 1.937 0.0650694 -0.634764 0.233857 0.0795201  - w = 0.189277
Particle 3:0.154163 0.584581 1.54788 0.100447 -0.459269 1.17745 0.0858573  - w = 0.206838
Particle 4:-0.0319087 0.38942 1.7847 0.0886969 -0.789645 0.940574 0.0797693  - w = 0.216643
Time: 93
Particle 0:0.160268 0.610517 2.33438 0.0853914 -0.576008 0.978016 0.0945481  - w = 0.182253
Particle 1:0.66171 0.721732 4.07442 0.0737012 -0.576245 0.717795 0.0859101  - w = 0.184972
Particle 2:0.397229 0.422749 1.93108 0.0637531 -0.633659 0.233857 0.0755718  - w = 0.207395
Particle 3:0.140151 0.580144 1.55166 0.100176 -0.457004 1.17745 0.0878969  - w = 0.199515
Particle 4:-0.0250157 0.394897 1.82315 0.0891672 -0.796671 0.940574 0.0798986  - w = 0.225865
Time: 94
Particle 0:-0.031283 0.339899 2.62192 0.0627957 -0.92559 0.409745 0.0641625  - w = 0.15285
Particle 1:-0.0768677 0.350206 1.7323 0.0721305 -0.794547 0.618937 0.0643794  - w = 0.151008
Particle 2:0.996995 0.469609 2.20784 0.0674363 -0.646003 0.452213 0.0639048  - w = 0.267652
Particle 3:0.175723 0.546212 5.74265 0.059725 -0.900253 0.539693 0.069951  - w = 0.197429
Particle 4:0.817004 0.244604 1.28696 0.0739299 -0.998837 0.498161 0.0615982  - w = 0.231061
Time: 95
Particle 0:-0.0349516 0.332018 2.62541 0.0639807 -0.924945 0.409745 0.0713347  - w = 0.183364
Particle 1:-0.0894631 0.324924 1.76421 0.0719574 -0.788605 0.618937 0.0697655  - w = 0.179176
Particle 2:1.0022 0.462401 2.22492 0.0682254 -0.641999 0.452213 0.0699811  - w = 0.21761
Particle 3:0.185967 0.541173 5.70744 0.0602916 -0.898501 0.539693 0.0820537  - w = 0.225351
Particle 4:0.819764 0.251184 1.31099 0.0735919 -0.991115 0.498161 0.0673105  - w = 0.194498
Time: 96
Particle 0:-0.0387335 0.339011 2.5872 0.0637177 -0.922692 0.409745 0.0666547  - w = 0.174032
Particle 1:-0.0890462 0.320412 1.78497 0.0716134 -0.786702 0.618937 0.0702048  - w = 0.173855
Particle 2:1.00273 0.477959 2.21669 0.0679554 -0.635706 0.452213 0.0677887  - w = 0.234402
Particle 3:0.200051 0.526082 5.721 0.0600021 -0.903999 0.539693 0.0809363  - w = 0.207659
Particle 4:0.818352 0.25909 1.29933 0.0745686 -0.990528 0.498161 0.0651251  - w = 0.210052
Time: 97
Particle 0:-0.0381985 0.344486 2.5719 0.064645 -0.928772 0.409745 0.0662217  - w = 0.173707
Particle 1:-0.0806876 0.342931 1.79363 0.0706873 -0.786926 0.618937 0.076731  - w = 0.175547
Particle 2:1.00232 0.473016 2.23261 0.0683093 -0.626046 0.452213 0.0636425  - w = 0.236323
Particle 3:0.209739 0.548683 5.72027 0.0610827 -0.900751 0.539693 0.0716647  - w = 0.196358
Particle 4:0.823615 0.246699 1.30764 0.0735415 -0.982796 0.498161 0.0647511  - w = 0.218065
Time: 98
Particle 0:-0.040925 0.363016 2.56031 0.0651032 -0.923551 0.409745 0.0656829  - w = 0.176834
Particle 1:-0.0653665 0.351179 1.80643 0.0701858 -0.787334 0.618937 0.0753364  - w = 0.17916
Particle 2:0.997664 0.471948 2.24181 0.0679423 -0.61955 0.452213 0.073014  - w = 0.240839
Particle 3:0.206009 0.560103 5.76707 0.0587701 -0.905843 0.539693 0.0704782  - w = 0.178933
Particle 4:0.825662 0.249006 1.30387 0.0740499 -0.984864 0.498161 0.065116  - w = 0.224234
Time: 99
Particle 0:-0.0549235 0.460601 4.33401 0.102123 -0.780391 0.18223 0.0609085  - w = 0.210489
Particle 1:0.0958036 0.551812 2.29686 0.122409 -0.537426 0.288359 0.0643267  - w = 0.213824
Particle 2:-0.163138 0.291088 3.18615 0.117665 -0.998621 0.678473 0.0634212  - w = 0.230253
Particle 3:0.745806 0.395783 2.7835 0.0788759 -0.648984 -0.849096 0.0647473  - w = 0.161381
Particle 4:0.423404 0.5209 1.90113 0.145072 -0.562349 0.63502 0.0641464  - w = 0.184053
Time: 100
Particle 0:-0.0618101 0.484014 4.32419 0.101194 -0.777829 0.18223 0.0566834  - w = 0.213883
Particle 1:0.112209 0.564241 2.31717 0.123414 -0.535507 0.288359 0.0583719  - w = 0.215134
Particle 2:-0.150092 0.290435 3.18718 0.117334 -0.99704 0.678473 0.0631186  - w = 0.229385
Particle 3:0.755703 0.39531 2.80859 0.0794587 -0.653875 -0.849096 0.0595782  - w = 0.160559
Particle 4:0.440339 0.549258 1.89076 0.145356 -0.561133 0.63502 0.0684038  - w = 0.181039
Time: 101
Particle 0:-0.0685106 0.477783 4.28745 0.0998916 -0.779929 0.18223 0.0549415  - w = 0.204366
Particle 1:0.119547 0.543895 2.29337 0.123145 -0.53977 0.288359 0.0539174  - w = 0.211405
Particle 2:-0.145884 0.293827 3.18049 0.118682 -0.999 0.678473 0.0604563  - w = 0.219516
Particle 3:0.761869 0.395107 2.80241 0.0803879 -0.649156 -0.849096 0.0586235  - w = 0.17906
Particle 4:0.432971 0.553919 1.86736 0.143981 -0.558576 0.63502 0.06129  - w = 0.185653
Time: 102
Particle 0:-0.0569162 0.476999 4.2835 0.099504 -0.782622 0.18223 0.0641723  - w = 0.209243
Particle 1:0.123863 0.551936 2.32855 0.123052 -0.539456 0.288359 0.0559379  - w = 0.213509
Particle 2:-0.154415 0.292155 3.15493 0.117873 -0.999 0.678473 0.0632876  - w = 0.230768
Particle 3:0.761371 0.368577 2.76197 0.0797032 -0.643209 -0.849096 0.0601551  - w = 0.166931
Particle 4:0.422848 0.555987 1.89736 0.143035 -0.559241 0.63502 0.0670426  - w = 0.179549
Time: 103
Particle 0:-0.0580573 0.482609 4.31631 0.0994674 -0.78288 0.18223 0.0636272  - w = 0.218059
Particle 1:0.119515 0.564462 2.31341 0.122391 -0.539806 0.288359 0.0515255  - w = 0.216995
Particle 2:-0.156255 0.286384 3.19084 0.118327 -0.999 0.678473 0.0645969  - w = 0.2471
Particle 3:0.769946 0.371815 2.76352 0.0807186 -0.641445 -0.849096 0.0639046  - w = 0.174765
Particle 4:0.437756 0.56079 1.90801 0.14467 -0.559392 0.63502 0.0845097  - w = 0.143081
Time: 104
Particle 0:-0.0475419 0.51844 1.62988 0.167506 -0.572221 1.03973 0.0718443  - w = 0.215959
Particle 1:-0.0569969 0.833033 5.57349 0.110436 -0.650733 0.893201 0.0714822  - w = 0.209668
Particle 2:0.644271 0.322742 1.94992 0.117467 -0.923626 0.281365 0.0730877  - w = 0.158121
Particle 3:0.033789 0.657203 5.63837 0.104133 -0.849075 0.662933 0.0759193  - w = 0.221579
Particle 4:0.33415 0.610215 1.71574 0.136398 -0.49528 0.450859 0.0750902  - w = 0.194672
Time: 105
Particle 0:-0.0380651 0.507568 1.61126 0.168484 -0.570907 1.03973 0.0684073  - w = 0.237056
Particle 1:-0.0607939 0.82983 5.56463 0.111983 -0.654219 0.893201 0.0835734  - w = 0.195836
Particle 2:0.659512 0.329142 1.97287 0.118791 -0.919207 0.281365 0.0765967  - w = 0.155992
Particle 3:0.0114818 0.660311 5.63973 0.105188 -0.847074 0.662933 0.0788515  - w = 0.221094
Particle 4:0.327114 0.592467 1.71521 0.135871 -0.502288 0.450859 0.0804992  - w = 0.190022
Time: 106
Particle 0:-0.0340148 0.509685 1.63269 0.167402 -0.567156 1.03973 0.0660792  - w = 0.250619
Particle 1:-0.0705345 0.818774 5.545 0.111903 -0.663537 0.893201 0.081142  - w = 0.186659
Particle 2:0.667496 0.329143 1.96077 0.120772 -0.920169 0.281365 0.0751374  - w = 0.165536
Particle 3:0.0165881 0.654475 5.63255 0.10563 -0.84676 0.662933 0.0717012  - w = 0.232052
Particle 4:0.3262 0.588364 1.72815 0.135719 -0.500905 0.450859 0.0880931  - w = 0.165133
Time: 107
Particle 0:0.622559 0.436707 5.61408 0.0917882 -0.80354 0.0927237 0.0674222  - w = 0.208181
Particle 1:0.209161 0.5535 4.91225 0.107122 -0.873295 0.715357 0.0640346  - w = 0.172189
Particle 2:0.291242 0.863829 5.30348 0.100813 -0.579526 0.331157 0.0669806  - w = 0.185961
Particle 3:1.143 0.313974 2.97063 0.0846997 -0.999147 -0.464453 0.0674262  - w = 0.262838
Particle 4:0.178941 0.673472 7.87321 0.0879854 -0.911723 -0.282016 0.0652446  - w = 0.170831
Time: 108
Particle 0:0.628073 0.452423 5.62561 0.0918536 -0.809905 0.0927237 0.0659195  - w = 0.210301
Particle 1:0.215057 0.538572 4.90312 0.106361 -0.867668 0.715357 0.0606188  - w = 0.162148
Particle 2:0.281162 0.869578 5.33763 0.101925 -0.576344 0.331157 0.0707664  - w = 0.171664
Particle 3:1.14115 0.334656 2.98671 0.0845196 -0.999 -0.464453 0.0641275  - w = 0.300659
Particle 4:0.17518 0.658699 7.86124 0.0872912 -0.909403 -0.282016 0.0540978  - w = 0.155227
Time: 109
Particle 0:0.626555 0.442329 5.62091 0.0922081 -0.797982 0.0927237 0.0728127  - w = 0.196722
Particle 1:0.208576 0.53609 4.89234 0.104982 -0.868682 0.715357 0.0580547  - w = 0.169921
Particle 2:0.278741 0.881364 5.37408 0.102575 -0.571848 0.331157 0.0583891  - w = 0.185732
Particle 3:1.1467 0.328441 2.96647 0.084516 -0.997286 -0.464453 0.0662028  - w = 0.286252
Particle 4:0.168148 0.656935 7.84158 0.08741 -0.911584 -0.282016 0.0625475  - w = 0.161373
Time: 110
Particle 0:0.623302 0.428021 5.63402 0.0916764 -0.804818 0.0927237 0.0720184  - w = 0.18547
Particle 1:0.207414 0.5293 4.93887 0.104793 -0.864815 0.715357 0.060189  - w = 0.175859
Particle 2:0.288879 0.881643 5.37335 0.101323 -0.574665 0.331157 0.0515231  - w = 0.199106
Particle 3:1.1581 0.33544 2.96491 0.0837678 -0.993549 -0.464453 0.0685409  - w = 0.273961
Particle 4:0.175988 0.651819 7.87909 0.088581 -0.916375 -0.282016 0.0642668  - w = 0.165604
Time: 111
Particle 0:0.629963 0.418904 5.60737 0.0918581 -0.795819 0.0927237 0.0594649  - w = 0.184241
Particle 1:0.216281 0.528604 4.93916 0.105111 -0.862924 0.715357 0.0507165  - w = 0.167655
Particle 2:0.281494 0.897888 5.36641 0.101067 -0.580326 0.331157 0.0365496  - w = 0.194304
Particle 3:1.1513 0.324869 2.95848 0.0820142 -0.996401 -0.464453 0.0649302  - w = 0.304726
Particle 4:0.170213 0.658557 7.85486 0.0864002 -0.913441 -0.282016 0.059393  - w = 0.149074
Time: 112
Particle 0:0.633651 0.412713 5.60322 0.091503 -0.79369 0.0927237 0.0554804  - w = 0.177424
Particle 1:0.225746 0.523045 4.93215 0.105246 -0.866878 0.715357 0.0502371  - w = 0.164108
Particle 2:0.2699 0.930012 5.35322 0.100149 -0.573589 0.331157 0.0322169  - w = 0.233256
Particle 3:1.14032 0.32262 2.95104 0.0824098 -0.998963 -0.464453 0.0649197  - w = 0.286237
Particle 4:0.164242 0.640245 7.82487 0.0877044 -0.913007 -0.282016 0.051164  - w = 0.138975
Time: 113
Particle 0:0.633233 0.393393 5.60728 0.0913408 -0.790226 0.0927237 0.0577875  - w = 0.171125
Particle 1:0.237363 0.517672 4.88289 0.103604 -0.860835 0.715357 0.054027  - w = 0.178633
Particle 2:0.272908 0.929742 5.32633 0.101112 -0.572402 0.331157 0.0421351  - w = 0.276485
Particle 3:1.13472 0.324046 2.94506 0.0833049 -0.998122 -0.464453 0.0688109  - w = 0.236854
Particle 4:0.161262 0.64078 7.829 0.0894554 -0.914272 -0.282016 0.0563294  - w = 0.136905
Time: 114
Particle 0:0.647293 0.404519 5.5597 0.0899683 -0.791629 0.0927237 0.0559865  - w = 0.168754
Particle 1:0.237498 0.530586 4.85005 0.102589 -0.860459 0.715357 0.0618586  - w = 0.184452
Particle 2:0.26999 0.955242 5.34972 0.101328 -0.571996 0.331157 0.0392459  - w = 0.327458
Particle 3:1.12946 0.347772 2.90915 0.0825618 -0.999 -0.464453 0.0727693  - w = 0.190902
Particle 4:0.160697 0.656089 7.84318 0.088487 -0.907734 -0.282016 0.0648315  - w = 0.128434
Time: 115
Particle 0:0.646544 0.385778 5.52988 0.0889999 -0.79786 0.0927237 0.0528289  - w = 0.180304
Particle 1:0.226691 0.513529 4.86562 0.103948 -0.860188 0.715357 0.0622266  - w = 0.167031
Particle 2:0.274112 0.96117 5.3262 0.101503 -0.574113 0.331157 0.0288825  - w = 0.349658
Particle 3:1.13313 0.326177 2.91259 0.0816962 -0.996123 -0.464453 0.0696251  - w = 0.186864
Particle 4:0.160803 0.664443 7.86238 0.0880069 -0.899793 -0.282016 0.0544542  - w = 0.116143
Time: 116
Particle 0:1.71343 0.464096 2.47846 0.0495882 -0.577721 -1.30807 0.0587089  - w = 0.339131
Particle 1:0.413477 0.411423 4.06285 0.0806944 -0.981525 0.130289 0.0559126  - w = 0.16442
Particle 2:0.569987 0.303904 0.910526 0.129222 -0.852745 0.291855 0.0572947  - w = 0.193505
Particle 3:-0.0132981 0.639169 3.80208 0.0932892 -0.74883 0.637972 0.0564736  - w = 0.132272
Particle 4:0.326225 0.880634 2.72598 0.0873936 -0.433473 -0.134051 0.059055  - w = 0.170671
Time: 117
Particle 0:1.72619 0.447671 2.50482 0.0485601 -0.578662 -1.30807 0.0621998  - w = 0.298492
Particle 1:0.408309 0.40939 4.0834 0.0803903 -0.97717 0.130289 0.0583059  - w = 0.173975
Particle 2:0.561832 0.300731 0.928322 0.129261 -0.851208 0.291855 0.0590137  - w = 0.203399
Particle 3:-0.00962112 0.628788 3.78957 0.0935018 -0.749867 0.637972 0.0577163  - w = 0.145477
Particle 4:0.323219 0.894143 2.69328 0.0863745 -0.438322 -0.134051 0.0840281  - w = 0.178658
Time: 118
Particle 0:1.72636 0.442078 2.51898 0.049523 -0.585515 -1.30807 0.0628661  - w = 0.311875
Particle 1:0.401432 0.40767 4.11691 0.0784554 -0.973938 0.130289 0.0572597  - w = 0.168181
Particle 2:0.57411 0.300133 0.906546 0.128363 -0.849668 0.291855 0.060025  - w = 0.205675
Particle 3:-0.0230178 0.610825 3.76543 0.0937851 -0.746593 0.637972 0.0616905  - w = 0.141812
Particle 4:0.324594 0.8883 2.69031 0.0876475 -0.447339 -0.134051 0.0873142  - w = 0.172457
Time: 119
Particle 0:1.72976 0.433688 2.49813 0.0504326 -0.577647 -1.30807 0.0584389  - w = 0.295914
Particle 1:0.395076 0.394997 4.11436 0.0797837 -0.97018 0.130289 0.0597265  - w = 0.172812
Particle 2:0.57804 0.307652 0.912684 0.129149 -0.844802 0.291855 0.0597397  - w = 0.211314
Particle 3:-0.0146689 0.599837 3.73146 0.0933917 -0.751309 0.637972 0.050202  - w = 0.146823
Particle 4:0.331396 0.886746 2.67542 0.0871607 -0.440247 -0.134051 0.083037  - w = 0.173138
Time: 120
Particle 0:2.21987 0.870595 0.821868 1.02598 -0.303707 0.155656 0.0622132  - w = 0.30915
Particle 1:0.840697 0.0398107 1.2843 0.363686 -0.365426 -1.02796 0.116106  - w = 0.219326
Particle 2:1.12228 0.140117 0.635584 0.331989 0.345464 -0.591451 0.210341  - w = 0.0960041
Particle 3:0.082042 0.0303841 1.20886 0.558551 0.797676 -0.371488 0.0771915  - w = 0.303634
Particle 4:0.264164 0.222629 0.960722 0.0820769 0.695626 -0.958474 0.236866  - w = 0.0718868
