Time: 1
Particle 0:-1.66082 23.0189 1.25262 0.0449871 -0.998069 -0.802786 0.505215  - w = 0.236142
Particle 1:-0.0457237 24.9435 0.0988437 0.0154778 -0.999 0.0171415 0.629831  - w = 0.182409
Particle 2:-1.35418 2830.23 537.037 0.00324565 -0.998458 3.69999 1e-08  - w = 0
Particle 3:1.20439 25.9071 0.380538 0.0375746 -0.997741 -0.354999 0.710424  - w = 0.141748
Particle 4:2.63408 14.9674 1.27867 1e-08 -0.999 2.31453 0.59442  - w = 0.0475356
Particle 5:-1.23181 6.77643 0.714927 0.0237939 -0.999 -0.69517 0.120191  - w = 0.39214
Particle 6:5.33494 920.56 411.343 1e-08 -0.999 -2.27963 1e-08  - w = 0
Particle 7:1.66146 61.3597 0.00673236 0.000878304 -0.809907 3.16295 2.9715  - w = 2.58904e-05
Time: 2
Particle 0:-1.66895 22.9738 1.23043 0.0446994 -0.989027 -0.802786 0.302136  - w = 0.107735
Particle 1:-1.66307 23.0019 1.26734 0.0455506 -0.999 -0.802786 0.235581  - w = 0.107432
Particle 2:-0.055 24.9407 0.091352 0.0163759 -0.995614 0.0171415 0.257323  - w = 0.111276
Particle 3:1.19406 25.9049 0.388451 0.0380834 -0.99584 -0.354999 0.50957  - w = 0.0696335
Particle 4:-1.2312 6.76955 0.702567 0.0245374 -0.99844 -0.69517 0.0305212  - w = 0.141645
Particle 5:-1.22795 6.77744 0.680638 0.0238381 -0.995531 -0.69517 0.0453687  - w = 0.156773
Particle 6:-1.24405 6.78027 0.722445 0.0239785 -0.998848 -0.69517 0.0401142  - w = 0.153529
Particle 7:-1.22879 6.78138 0.716637 0.0229862 -0.999 -0.69517 0.0381339  - w = 0.151976
Time: 3
Particle 0:-1.6717 22.965 1.24477 0.0438265 -0.994566 -0.802786 0.73317  - w = 0.0817297
Particle 1:-1.66352 23.0254 1.26577 0.0453149 -0.984505 -0.802786 0.732838  - w = 0.092663
Particle 2:-0.0583117 24.9389 0.0919605 0.0161494 -0.995508 0.0171415 1.01866  - w = 0.0315714
Particle 3:1.19566 25.8946 0.389389 0.0391034 -0.999 -0.354999 1.30539  - w = 0.00385561
Particle 4:-1.21897 6.78865 0.701898 0.0254689 -0.998102 -0.69517 0.173036  - w = 0.166886
Particle 5:-1.21324 6.77898 0.681441 0.024793 -0.992785 -0.69517 0.195387  - w = 0.216773
Particle 6:-1.23764 6.76572 0.725374 0.0251132 -0.999 -0.69517 0.188114  - w = 0.199082
Particle 7:-1.22185 6.77146 0.710273 0.0223442 -0.992541 -0.69517 0.177527  - w = 0.207439
Time: 4
Particle 0:-0.0997356 0.208925 0.61318 0.158006 0.809439 1.93005 0.0274167  - w = 0.230785
Particle 1:-1.66599 23.0274 1.22919 0.0455112 -0.984349 -0.802786 0.218896  - w = 0.00237197
Particle 2:-0.0534821 24.9314 0.0797123 0.0144967 -0.992478 0.0171415 0.189704  - w = 0.000906286
Particle 3:1.19142 25.8971 0.420629 0.038968 -0.999 -0.354999 0.865755  - w = 7.42648e-06
Particle 4:0.841299 0.16635 0.604814 0.0703596 0.926121 0.449601 0.028529  - w = 0.421862
Particle 5:-0.363149 0.219124 1.80104 0.0713024 0.8478 2.05041 0.0281714  - w = 0.19384
Particle 6:-0.778245 0.493628 45.5068 0.0351511 0.873618 2.65213 0.000458715  - w = 7.91741e-56
Particle 7:-0.573702 0.339411 5.29354 0.0465703 0.702143 2.0402 0.0265957  - w = 0.150228
Time: 5
Particle 0:-0.112073 0.195337 0.597994 0.159144 0.805935 1.93005 0.0314397  - w = 0.0876714
Particle 1:0.848408 0.144325 0.596738 0.0728241 0.924236 0.449601 0.0303339  - w = 0.19647
Particle 2:0.846212 0.169675 0.595804 0.0704951 0.927884 0.449601 0.0303179  - w = 0.199485
Particle 3:0.84453 0.15671 0.631662 0.0702999 0.929951 0.449601 0.0324736  - w = 0.134376
Particle 4:0.849181 0.176749 0.623679 0.0684802 0.93418 0.449601 0.0315643  - w = 0.162305
Particle 5:-0.359519 0.224589 1.81698 0.0725457 0.859775 2.05041 0.0331122  - w = 0.068342
Particle 6:-0.557746 0.341028 5.27773 0.0471597 0.705978 2.0402 0.028994  - w = 0.0788007
Particle 7:-0.561862 0.347623 5.27092 0.0459874 0.704363 2.0402 0.0315971  - w = 0.0725494
Time: 6
Particle 0:-0.110943 0.189456 0.618777 0.157963 0.804603 1.93005 0.0302529  - w = 0.0949407
Particle 1:0.856702 0.125518 0.612823 0.0733108 0.923282 0.449601 0.0288831  - w = 0.180363
Particle 2:0.851603 0.169296 0.647004 0.0713816 0.937432 0.449601 0.0293526  - w = 0.1855
Particle 3:0.841979 0.177638 0.596736 0.0704372 0.934475 0.449601 0.03146  - w = 0.10131
Particle 4:0.85658 0.173006 0.614336 0.0679529 0.944432 0.449601 0.0297557  - w = 0.151352
Particle 5:-0.360424 0.23642 1.80001 0.0718292 0.854669 2.05041 0.0300756  - w = 0.0887037
Particle 6:-0.558189 0.340311 5.30168 0.0466348 0.71134 2.0402 0.0289507  - w = 0.106382
Particle 7:-0.562576 0.345723 5.27536 0.0456158 0.702587 2.0402 0.0306014  - w = 0.0914493
Time: 7
Particle 0:-0.109882 0.187496 0.60478 0.15953 0.810118 1.93005 0.0292457  - w = 0.133655
Particle 1:0.863703 0.0936605 0.581636 0.0719941 0.926478 0.449601 0.0277394  - w = 0.0986249
Particle 2:0.854719 0.162177 0.593999 0.0730653 0.934206 0.449601 0.0280332  - w = 0.132813
Particle 3:0.848062 0.192477 0.588039 0.0691312 0.941643 0.449601 0.0298149  - w = 0.104662
Particle 4:0.858559 0.199575 0.642632 0.0680516 0.939307 0.449601 0.0283959  - w = 0.124997
Particle 5:-0.349879 0.231555 1.80227 0.0708134 0.856037 2.05041 0.027939  - w = 0.106446
Particle 6:-0.563878 0.335199 5.32892 0.0473582 0.710957 2.0402 0.0282125  - w = 0.17113
Particle 7:-0.541448 0.353589 5.27252 0.044745 0.694649 2.0402 0.0283574  - w = 0.127672
Time: 8
Particle 0:-0.11805 0.181903 0.584412 0.159099 0.809852 1.93005 0.029514  - w = 0.236029
Particle 1:0.867889 0.0989465 0.599268 0.0716037 0.929569 0.449601 0.0278396  - w = 0.0992654
Particle 2:0.846439 0.165799 0.61182 0.0737118 0.932107 0.449601 0.0274375  - w = 0.149714
Particle 3:0.848371 0.194335 0.562594 0.0680353 0.943485 0.449601 0.0286887  - w = 0.142582
Particle 4:0.859564 0.195332 0.616873 0.0671539 0.926745 0.449601 0.0276421  - w = 0.143468
Particle 5:-0.347574 0.255731 1.77294 0.0718256 0.854176 2.05041 0.0280221  - w = 0.157795
Particle 6:-0.178146 0.846331 15.1365 0.0240088 -0.289943 -0.337536 0.0781254  - w = 0.0307222
Particle 7:-0.239531 0.519382 5.42202 0.0128802 -0.151119 0.261282 0.0627776  - w = 0.0404233
Time: 9
Particle 0:-0.101588 0.183161 0.585339 0.158895 0.818835 1.93005 0.0303459  - w = 0.360166
Particle 1:0.867286 0.0905717 0.599291 0.0714818 0.927585 0.449601 0.0272654  - w = 0.0693954
Particle 2:0.858167 0.157284 0.599564 0.0724931 0.937586 0.449601 0.0272791  - w = 0.122314
Particle 3:0.852999 0.204918 0.534648 0.0679906 0.938274 0.449601 0.0266961  - w = 0.100319
Particle 4:0.870135 0.177093 0.655282 0.0672448 0.931546 0.449601 0.0277636  - w = 0.129268
Particle 5:-0.340914 0.259774 1.73547 0.071514 0.859471 2.05041 0.0279837  - w = 0.168962
Particle 6:-0.181477 0.870401 15.1227 0.0249152 -0.289486 -0.337536 0.0649443  - w = 0.0291631
Particle 7:-0.230682 0.517178 5.43572 0.0131435 -0.153861 0.261282 0.071033  - w = 0.0204123
Time: 10
Particle 0:-0.0925127 0.187127 0.569366 0.158744 0.812777 1.93005 0.0329155  - w = 0.388726
Particle 1:0.856359 0.111567 0.610437 0.0716233 0.914623 0.449601 0.027693  - w = 0.0485799
Particle 2:0.851689 0.135097 0.618636 0.0735839 0.935418 0.449601 0.0290802  - w = 0.113254
Particle 3:0.855871 0.22377 0.526745 0.0675931 0.946734 0.449601 0.0293112  - w = 0.114672
Particle 4:0.872953 0.188163 0.670316 0.068044 0.932658 0.449601 0.0290601  - w = 0.138266
Particle 5:-0.344035 0.251461 1.74522 0.0736635 0.862167 2.05041 0.0293518  - w = 0.127401
Particle 6:1.22943 0.427981 9.10504 0.0174488 0.881677 -1.2317 0.0464879  - w = 0.0356921
Particle 7:0.503142 0.339188 0.87386 0.0403422 0.685452 -0.664892 0.0306287  - w = 0.0334089
Time: 11
Particle 0:-0.707118 0.00325826 15.5394 0.0118885 -0.957969 1.19821 0.0719273  - w = 0.0351268
Particle 1:-1.26724 6.81645 235.238 0.0323932 0.989482 -0.77644 1.77628e-05  - w = 0
Particle 2:0.784519 0.499756 9.58377 0.0100144 0.982951 -1.50916 0.055605  - w = 0.0936585
Particle 3:0.922058 0.534016 8.26674 0.00629619 0.986999 -1.3461 0.0566275  - w = 0.083509
Particle 4:-0.816217 0.514671 4.81628 0.0117521 0.964222 -0.679809 0.0475018  - w = 0.0494192
Particle 5:0.092573 0.395599 3.28669 0.00960864 0.955172 -0.692078 0.039146  - w = 0.0688048
Particle 6:1.22743 0.424446 9.11645 0.017748 0.880387 -1.2317 0.0463932  - w = 0.443622
Particle 7:0.494102 0.348318 0.841208 0.040254 0.693707 -0.664892 0.0333887  - w = 0.22586
Time: 12
Particle 0:0.786384 0.504908 9.61747 0.00880692 0.988307 -1.50916 0.0671382  - w = 0.143236
Particle 1:-0.832604 0.511655 4.81865 0.0122769 0.961818 -0.679809 0.0647937  - w = 0.0133133
Particle 2:1.22822 0.428595 9.11296 0.0171479 0.886023 -1.2317 0.050959  - w = 0.331982
Particle 3:1.23091 0.424564 9.13177 0.0183593 0.884225 -1.2317 0.0562669  - w = 0.164556
Particle 4:1.22506 0.408391 9.12779 0.0168286 0.888398 -1.2317 0.0541841  - w = 0.241559
Particle 5:1.22126 0.452269 9.10288 0.0179752 0.883049 -1.2317 0.0611265  - w = 0.102695
Particle 6:1.27191 15.1006 498.904 0.0218617 0.95627 2.55986 6.25849e-08  - w = 0
Particle 7:-1.83555 0.35041 0.83575 0.023545 0.997334 0.082051 0.0233468  - w = 0.00265904
Time: 13
Particle 0:0.777211 0.48766 9.63354 0.00918384 0.985086 -1.50916 0.0635559  - w = 0.0764099
Particle 1:-0.821511 0.50701 4.79226 0.0126669 0.961866 -0.679809 0.0652285  - w = 0.00110237
Particle 2:1.24451 0.411313 9.10406 0.0171244 0.887054 -1.2317 0.0516474  - w = 0.329402
Particle 3:1.2253 0.437724 9.09307 0.0189263 0.876904 -1.2317 0.0500359  - w = 0.167304
Particle 4:1.22929 0.404771 9.14653 0.0167409 0.884373 -1.2317 0.0471799  - w = 0.386597
Particle 5:1.21617 0.462658 9.13759 0.0194323 0.881505 -1.2317 0.0602539  - w = 0.0323448
Particle 6:1.27038 15.1086 498.913 0.0224172 0.957906 2.55986 0.00576198  - w = 0
Particle 7:-1.83914 0.347579 0.854605 0.0237631 0.999 0.082051 0.0267244  - w = 0.00683958
Time: 14
Particle 0:0.779762 0.487241 9.61968 0.00725083 0.984656 -1.50916 0.0482008  - w = 0.222432
Particle 1:1.23184 0.396036 9.10499 0.0170838 0.886471 -1.2317 0.0379512  - w = 0.117081
Particle 2:1.2355 0.412073 9.10081 0.0183754 0.879843 -1.2317 0.0351858  - w = 0.0892776
Particle 3:1.21959 0.444465 9.0953 0.0199532 0.892345 -1.2317 0.0378156  - w = 0.135236
Particle 4:1.21977 0.444837 9.10109 0.0196758 0.879048 -1.2317 0.0392775  - w = 0.149392
Particle 5:1.24539 0.400698 9.12514 0.018338 0.88094 -1.2317 0.0377818  - w = 0.121614
Particle 6:1.23285 0.397276 9.15866 0.018311 0.88961 -1.2317 0.0363601  - w = 0.102975
Particle 7:1.2222 0.402682 9.14246 0.0169509 0.886036 -1.2317 0.033255  - w = 0.061992
Time: 15
Particle 0:0.77593 0.524654 9.61268 0.00602115 0.983777 -1.50916 0.0453974  - w = 0.149983
Particle 1:1.22952 0.4099 9.12147 0.0176507 0.886585 -1.2317 0.0384716  - w = 0.123649
Particle 2:1.23631 0.42634 9.09012 0.0187932 0.885215 -1.2317 0.0336455  - w = 0.103454
Particle 3:1.20921 0.427296 9.10876 0.0196312 0.903661 -1.2317 0.0375391  - w = 0.143686
Particle 4:1.21511 0.442363 9.08692 0.0182628 0.882374 -1.2317 0.0345315  - w = 0.168905
Particle 5:1.25262 0.388895 9.14044 0.0172492 0.886924 -1.2317 0.0369735  - w = 0.133308
Particle 6:1.24549 0.416496 9.1631 0.018501 0.890782 -1.2317 0.0325596  - w = 0.117221
Particle 7:1.22304 0.380775 9.12869 0.0160002 0.877025 -1.2317 0.0321259  - w = 0.0597932
Time: 16
Particle 0:0.774292 0.519578 9.64109 0.00422722 0.981279 -1.50916 0.0374358  - w = 0.125155
Particle 1:1.23046 0.422052 9.11302 0.0166526 0.882522 -1.2317 0.0301562  - w = 0.139544
Particle 2:0.122053 0.0945563 9.51963 0.021544 0.396508 2.16568 0.0596373  - w = 0.0509911
Particle 3:1.21192 0.437267 9.10376 0.0194372 0.894093 -1.2317 0.0307981  - w = 0.217255
Particle 4:1.2122 0.453564 9.10963 0.0169637 0.87314 -1.2317 0.0279244  - w = 0.161261
Particle 5:1.25007 0.375089 9.12738 0.0179035 0.883337 -1.2317 0.0294689  - w = 0.150935
Particle 6:-1.87335 0.267612 1.01927 0.033448 0.994679 3.03515 0.0483803  - w = 0.0927695
Particle 7:0.322842 0.332827 5.28279 0.0152343 0.936178 0.718183 0.0504055  - w = 0.06209
Time: 17
Particle 0:0.768955 0.507007 9.60128 0.00336314 0.983976 -1.50916 0.0293328  - w = 0.0318657
Particle 1:0.962464 0.0373441 4.78526 0.0258023 0.947536 -0.715698 0.0451209  - w = 0.0390999
Particle 2:0.125531 0.0960068 9.49819 0.0215279 0.394617 2.16568 0.0581994  - w = 0.108598
Particle 3:1.21469 0.431631 9.10492 0.0208845 0.895586 -1.2317 0.0244735  - w = 0.119005
Particle 4:0.0811239 0.319543 3.98478 0.0501923 0.296833 1.35767 0.0431494  - w = 0.0581602
Particle 5:0.103854 0.0280082 3.91677 0.0514269 0.16345 1.97266 0.0451488  - w = 0.0508375
Particle 6:-1.8745 0.247682 1.06461 0.0343043 0.997473 3.03515 0.0466687  - w = 0.442917
Particle 7:0.314961 0.337188 5.27289 0.014321 0.934195 0.718183 0.0437469  - w = 0.149517
Time: 18
Particle 0:-0.449912 3.24658 0.681459 0.0612781 -0.380769 0.893917 0.105649  - w = 0.0159823
Particle 1:0.140812 0.113107 9.51495 0.022713 0.388483 2.16568 0.0554603  - w = 0.102983
Particle 2:0.353788 0.555652 2.33765 0.0298726 -0.574614 1.04373 0.0704462  - w = 0.0263533
Particle 3:0.115696 0.0266101 3.9178 0.0521828 0.157894 1.97266 0.0457049  - w = 0.258636
Particle 4:-1.87443 0.238489 1.08507 0.0341913 0.998538 3.03515 0.0451749  - w = 0.185652
Particle 5:-1.88385 0.226441 1.07399 0.0358688 0.992355 3.03515 0.0453622  - w = 0.192588
Particle 6:-1.87588 0.259505 1.0528 0.0327965 0.999 3.03515 0.0449293  - w = 0.17917
Particle 7:0.31619 0.334691 5.28901 0.0142211 0.934888 0.718183 0.0380307  - w = 0.0386352
Time: 19
Particle 0:-0.4567 3.27314 0.664278 0.060652 -0.387916 0.893917 0.0454894  - w = 0.00165754
Particle 1:0.145233 0.0904698 9.49707 0.0236108 0.390108 2.16568 0.0546278  - w = 0.0695894
Particle 2:0.365956 0.546967 2.36528 0.0300021 -0.571229 1.04373 0.0602446  - w = 0.0432397
Particle 3:0.109485 0.0324601 3.91424 0.0521976 0.156291 1.97266 0.0456338  - w = 0.410617
Particle 4:-1.87948 0.255123 1.08262 0.0343226 0.999 3.03515 0.0481124  - w = 0.154284
Particle 5:-1.88403 0.244501 1.10177 0.0355594 0.992123 3.03515 0.0477393  - w = 0.155747
Particle 6:-1.87742 0.283734 1.05757 0.0326134 0.998678 3.03515 0.0482968  - w = 0.148639
Particle 7:0.308664 0.334591 5.26736 0.0128497 0.931936 0.718183 0.0410419  - w = 0.0162267
Time: 20
Particle 0:-0.818787 1.30038 5.22597 0.0312739 -0.131459 0.680822 0.0724663  - w = 0.0513191
Particle 1:0.151336 0.0847531 9.53152 0.0221705 0.391269 2.16568 0.0538151  - w = 0.033516
Particle 2:0.367667 0.553307 2.37111 0.0286659 -0.575631 1.04373 0.0646266  - w = 0.0305741
Particle 3:0.110034 0.0268591 3.90689 0.0541789 0.144988 1.97266 0.0458232  - w = 0.509917
Particle 4:-1.88156 0.248371 1.0671 0.0331952 0.999 3.03515 0.0501164  - w = 0.126311
Particle 5:-1.895 0.232735 1.10968 0.0356579 0.990255 3.03515 0.0494765  - w = 0.12721
Particle 6:-1.8842 0.298516 1.06109 0.0325502 0.999 3.03515 0.0508638  - w = 0.11568
Particle 7:0.316443 0.323301 5.24251 0.0120542 0.944146 0.718183 0.0409393  - w = 0.00547282
Time: 21
Particle 0:-0.800768 1.29921 5.21184 0.0314621 -0.131027 0.680822 0.0601122  - w = 0.13959
Particle 1:0.111338 0.0191108 3.89694 0.0547912 0.140411 1.97266 0.0457377  - w = 0.22489
Particle 2:0.112048 0.0271345 3.89828 0.0533922 0.148323 1.97266 0.0454075  - w = 0.230363
Particle 3:-2.26587 0.297728 1.05621 0.0550474 0.998878 2.71302 0.0467314  - w = 0.0122837
Particle 4:0.114029 0.0221195 3.87627 0.0536162 0.146645 1.97266 0.0457698  - w = 0.227669
Particle 5:1.23947 0.00130016 0.112764 0.257541 0.393708 3.44318 0.0473839  - w = 0.0450783
Particle 6:-0.885709 0.299987 2.86572 0.0401304 0.978167 2.3109 0.0472621  - w = 0.0229866
Particle 7:-1.88153 0.30567 1.03489 0.0339255 0.999 3.03515 0.0571236  - w = 0.0971384
Time: 22
Particle 0:1.97118 1.86995 44.5283 0.0352556 0.919925 0.894929 3.55167e-05  - w = 0.000250556
Particle 1:-0.868026 0.942765 15.53 0.038879 0.81786 0.784234 0.0147041  - w = 0.166994
Particle 2:-0.485024 1.21818 31.1886 0.0363162 0.990734 0.207647 3.57462e-05  - w = 7.39842e-202
Particle 3:-2.27172 0.300965 1.06815 0.0530579 0.992382 2.71302 0.0524296  - w = 0.0391263
Particle 4:-0.906525 0.402947 2.53115 0.0626154 0.964065 0.941647 0.0243687  - w = 0.261582
Particle 5:1.23542 1e-08 0.0977965 0.257526 0.391709 3.44318 0.0474655  - w = 0.4012
Particle 6:-0.874593 0.300569 2.8793 0.0405136 0.982967 2.3109 0.0511265  - w = 0.130847
Particle 7:2.0081 1.41259 36.4245 0.0353269 0.981482 0.109474 2.21811e-06  - w = 2.68858e-62
Time: 23
Particle 0:-0.875344 0.947645 15.5557 0.0379328 0.819017 0.784234 0.0240821  - w = 0.20011
Particle 1:-0.880575 0.932421 15.5207 0.0396482 0.828241 0.784234 0.0189232  - w = 0.250296
Particle 2:-0.904568 0.421873 2.53079 0.0627966 0.966657 0.941647 0.0242113  - w = 0.227604
Particle 3:-0.910538 0.409837 2.51859 0.0619266 0.971219 0.941647 0.0265645  - w = 0.215587
Particle 4:1.24173 0.00651341 0.115663 0.257239 0.380797 3.44318 0.0476264  - w = 0.025384
Particle 5:1.23089 0.00319653 0.0714152 0.258051 0.395772 3.44318 0.0474843  - w = 0.0262108
Particle 6:1.23041 1e-08 0.0877717 0.258643 0.393886 3.44318 0.047539  - w = 0.0257555
Particle 7:-0.888943 0.279185 2.87658 0.040161 0.986256 2.3109 0.0511386  - w = 0.0290521
Time: 24
Particle 0:0.286254 0.318614 5.44417 0.0720339 -0.075907 0.452847 0.0283717  - w = 0.164172
Particle 1:-0.230191 0.0334579 6.02809 0.0712606 -0.855741 0.678912 0.027304  - w = 0.212593
Particle 2:0.891064 0.0359149 1.60961 0.181216 -0.67228 2.38775 0.0304935  - w = 0.120149
Particle 3:0.3906 0.294017 3.08046 0.0641668 -0.0784318 -0.397566 0.0347604  - w = 0.147287
Particle 4:1.2398 0.00778639 0.105352 0.258331 0.379818 3.44318 0.0476439  - w = 0.0737197
Particle 5:1.22793 1e-08 0.0704136 0.258762 0.397073 3.44318 0.0475434  - w = 0.0708888
Particle 6:1.22577 1e-08 0.141768 0.257892 0.401807 3.44318 0.0476574  - w = 0.0804683
Particle 7:-0.89996 0.309784 2.90184 0.0404796 0.984454 2.3109 0.0482716  - w = 0.130723
Time: 25
Particle 0:0.290536 0.301252 5.42226 0.0716264 -0.0763152 0.452847 0.026482  - w = 0.0513823
Particle 1:-0.236236 0.0623569 6.04024 0.0708134 -0.851101 0.678912 0.0265996  - w = 0.0298774
Particle 2:0.89482 0.0403849 1.61314 0.183276 -0.680601 2.38775 0.0305541  - w = 0.067175
Particle 3:0.381654 0.336534 3.05348 0.0636672 -0.0867038 -0.397566 0.0346125  - w = 0.100951
Particle 4:0.564994 2.37575 64.65 0.0254529 0.985989 0.686981 8.40255e-06  - w = 0
Particle 5:0.935723 2.77591 76.2138 0.0248346 0.974568 0.394694 1.54528e-06  - w = 0
Particle 6:0.787141 0.312655 0.658551 0.0405058 0.978284 0.769783 0.0243218  - w = 0.750615
Particle 7:1.03029 2.81081 80.0318 0.0247273 0.993915 -0.109675 3.47839e-05  - w = 0
Time: 26
Particle 0:0.289845 0.305226 5.42487 0.073145 -0.0735477 0.452847 0.0293736  - w = 0.00643315
Particle 1:0.885279 0.0472567 1.62677 0.182908 -0.683436 2.38775 0.0312649  - w = 0.00535978
Particle 2:0.779309 0.310778 0.678372 0.0397143 0.970126 0.769783 0.0212075  - w = 0.160688
Particle 3:0.780157 0.323038 0.66044 0.0390496 0.981311 0.769783 0.0215322  - w = 0.158205
Particle 4:0.793973 0.320213 0.668622 0.0405713 0.985912 0.769783 0.0223256  - w = 0.178503
Particle 5:0.793539 0.308281 0.639528 0.0404087 0.990392 0.769783 0.0215111  - w = 0.164598
Particle 6:0.787115 0.326369 0.669992 0.0408531 0.976896 0.769783 0.0209699  - w = 0.1487
Particle 7:0.791504 0.320654 0.61333 0.0410577 0.989849 0.769783 0.0224501  - w = 0.177513
Time: 27
Particle 0:1.33006 1.69096 56.7087 0.0256254 0.990142 -0.724449 5.56518e-05  - w = 5.69336e-08
Particle 1:1.07225 0.329622 3.79486 0.0288346 0.930793 0.0403093 0.0209689  - w = 0.0331687
Particle 2:0.76881 0.299175 0.672396 0.0397386 0.967066 0.769783 0.0209126  - w = 0.161807
Particle 3:0.779327 0.32858 0.661498 0.0398458 0.979022 0.769783 0.0216993  - w = 0.148652
Particle 4:0.791646 0.32192 0.642104 0.039997 0.985769 0.769783 0.0223036  - w = 0.174221
Particle 5:0.785164 0.306134 0.629552 0.0404565 0.987648 0.769783 0.0214819  - w = 0.163619
Particle 6:0.781323 0.317514 0.61986 0.0410642 0.974898 0.769783 0.0212036  - w = 0.141904
Particle 7:0.788165 0.312584 0.604375 0.0410752 0.986944 0.769783 0.0220699  - w = 0.176629
Time: 28
Particle 0:1.33299 1.70567 56.7535 0.0259039 0.988628 -0.724449 1e-08  - w = 0
Particle 1:1.07252 0.299893 3.81766 0.0273744 0.933904 0.0403093 0.0173259  - w = 0.0557327
Particle 2:0.757702 0.300943 0.674526 0.0401593 0.964132 0.769783 0.0178241  - w = 0.177871
Particle 3:0.912112 0.25646 4.11078 0.0515312 0.853799 -0.0798094 0.0158866  - w = 0.197574
Particle 4:0.794817 0.31718 0.709527 0.040445 0.987066 0.769783 0.0171411  - w = 0.150058
Particle 5:0.788474 0.299102 0.582178 0.0417868 0.992653 0.769783 0.0174355  - w = 0.149241
Particle 6:0.789534 0.325422 0.568155 0.0429987 0.976579 0.769783 0.0172244  - w = 0.118569
Particle 7:0.781859 0.328447 0.574056 0.0417397 0.986744 0.769783 0.0173489  - w = 0.150954
Time: 29
Particle 0:1.32098 1.71436 56.7249 0.0270783 0.990742 -0.724449 1e-08  - w = 0
Particle 1:0.571473 0.34194 7.31007 0.0637128 -0.12469 1.07692 0.0185825  - w = 0.0916979
Particle 2:-0.757032 0.0147671 1.48788 0.185995 0.813076 2.07957 0.0199767  - w = 0.183636
Particle 3:0.894618 0.259994 4.09189 0.0523684 0.853425 -0.0798094 0.0136261  - w = 0.4346
Particle 4:0.489765 0.638941 4.89846 0.0784591 -0.0519475 0.615612 0.0172105  - w = 0.0927692
Particle 5:1.07988 0.0589728 0.717507 0.116786 0.0986734 -0.713798 0.0278499  - w = 0.0781828
Particle 6:3.4099 0.00553022 0.06298 2.77048 0.99802 0.633643 0.0209737  - w = 0.00863945
Particle 7:0.322335 0.515798 2.93697 0.108687 -0.0622431 1.0019 0.0184847  - w = 0.110474
Time: 30
Particle 0:0.585931 0.355074 7.32605 0.063057 -0.125206 1.07692 0.0189691  - w = 0.108802
Particle 1:-0.757712 1e-08 1.51483 0.186941 0.820993 2.07957 0.0209804  - w = 0.33922
Particle 2:0.893638 0.263299 4.09092 0.0522324 0.851638 -0.0798094 0.011066  - w = 0.00187518
Particle 3:0.808859 1.37248 7.40042 0.115719 -0.947851 0.412429 0.0282246  - w = 0.195339
Particle 4:0.864456 0.253176 4.09335 0.0508749 0.852816 -0.0798094 0.00912018  - w = 0.000579017
Particle 5:0.897191 0.248941 4.12817 0.0534371 0.855702 -0.0798094 0.0105459  - w = 0.00160603
Particle 6:0.502918 0.646199 4.90156 0.0786592 -0.0509056 0.615612 0.017141  - w = 0.106117
Particle 7:0.325971 0.498203 2.95254 0.109163 -0.0620511 1.0019 0.0231311  - w = 0.246461
Time: 31
Particle 0:-0.68909 2.76721 1.11299 0.425531 -0.651436 -1.02001 0.0917899  - w = 0.0359175
Particle 1:0.503299 1.7035 0.450203 0.0985835 -0.64097 0.397608 0.11163  - w = 0.00799169
Particle 2:-0.930178 3.30925 2.03372 0.296293 -0.834254 -1.98655 0.0955231  - w = 0.072708
Particle 3:0.802484 1.34943 7.38268 0.116899 -0.943419 0.412429 0.0499426  - w = 0.664379
Particle 4:-5.36379 68.3585 5.88746 2.2947 -0.790503 -2.95184 0.204492  - w = 0.0782582
Particle 5:-0.757356 3.18943 1.97651 0.51232 -0.93817 1.31588 0.0755953  - w = 0.0552605
Particle 6:2.2481 2.85567 2.35016 0.683299 -0.99946 2.83268 0.00239138  - w = 8.23921e-14
Particle 7:1.47692 5.65 1.99824 0.698576 -0.862399 -1.79857 0.0713976  - w = 0.085485
Time: 32
Particle 0:-0.929748 3.31539 2.02308 0.296661 -0.840433 -1.98655 0.115674  - w = 0.14373
Particle 1:0.799214 1.34681 7.39019 0.116679 -0.946963 0.412429 0.0668303  - w = 0.11494
Particle 2:0.791368 1.34905 7.38521 0.116261 -0.947008 0.412429 0.0610517  - w = 0.126787
Particle 3:0.811298 1.34218 7.3458 0.114869 -0.94099 0.412429 0.0625637  - w = 0.120689
Particle 4:0.813498 1.32777 7.36708 0.117446 -0.941675 0.412429 0.0588048  - w = 0.132796
Particle 5:0.808359 1.34837 7.34269 0.116347 -0.942642 0.412429 0.0564095  - w = 0.137234
Particle 6:-5.36715 68.3549 5.85054 2.29336 -0.788046 -2.95184 1e-08  - w = 0
Particle 7:1.48174 5.64017 2.00572 0.698778 -0.853401 -1.79857 0.103308  - w = 0.223825
Time: 33
Particle 0:-0.944505 3.33843 2.0176 0.296654 -0.828989 -1.98655 0.0885998  - w = 0.325772
Particle 1:0.79711 1.34162 7.39951 0.118045 -0.946134 0.412429 0.0631009  - w = 0.126228
Particle 2:0.800329 1.3394 7.37358 0.115921 -0.939176 0.412429 0.0630115  - w = 0.13639
Particle 3:0.799896 1.34139 7.39088 0.115461 -0.936002 0.412429 0.0648141  - w = 0.124154
Particle 4:0.809667 1.3172 7.41406 0.117795 -0.944399 0.412429 0.0731392  - w = 0.111448
Particle 5:0.806245 1.35084 7.3534 0.115935 -0.934647 0.412429 0.0642297  - w = 0.144304
Particle 6:-5.35859 68.3524 5.87617 2.29394 -0.783374 -2.95184 1e-08  - w = 0
Particle 7:2.35571 0.800979 1.87375 0.0859916 -0.995047 -1.71294 0.0667434  - w = 0.031704
Time: 34
Particle 0:-0.951732 3.33896 1.99357 0.29658 -0.831656 -1.98655 0.0780627  - w = 0.439506
Particle 1:0.795054 1.33909 7.37191 0.117815 -0.949485 0.412429 0.0591115  - w = 0.121464
Particle 2:0.804955 1.37097 7.38215 0.116466 -0.938895 0.412429 0.0716041  - w = 0.0912323
Particle 3:0.799491 1.33906 7.34984 0.115352 -0.935107 0.412429 0.0614827  - w = 0.110951
Particle 4:0.81312 1.33526 7.39573 0.116771 -0.945011 0.412429 0.0606891  - w = 0.102172
Particle 5:0.802281 1.35143 7.33854 0.116298 -0.93982 0.412429 0.065017  - w = 0.117136
Particle 6:-5.35296 68.355 5.88796 2.294 -0.775471 -2.95184 1e-08  - w = 0
Particle 7:2.37096 0.825557 1.86495 0.0858444 -0.987988 -1.71294 0.0724825  - w = 0.0175389
Time: 35
Particle 0:1.939 3.00804 2.36966 0.467123 -0.762996 -1.94685 0.00457861  - w = 0.144465
Particle 1:-0.464491 2.94178 4.52225 0.215815 -0.814303 -0.506543 0.0396691  - w = 0.0779035
Particle 2:-0.952479 3.33345 1.99015 0.29768 -0.834685 -1.98655 0.085335  - w = 0.212973
Particle 3:0.782151 1.3276 7.37086 0.118046 -0.953606 0.412429 0.0757168  - w = 0.0901463
Particle 4:2.64752 0.881667 2.22506 0.238563 -0.998651 -1.67613 0.0228284  - w = 0.053842
Particle 5:0.807026 1.33302 7.36218 0.11641 -0.935205 0.412429 0.0482402  - w = 0.217939
Particle 6:0.811201 1.32936 7.39488 0.117626 -0.943767 0.412429 0.0739849  - w = 0.0955746
Particle 7:0.802535 1.35482 7.32139 0.115192 -0.951572 0.412429 0.0711483  - w = 0.107157
Time: 36
Particle 0:1.93508 2.97832 2.36007 0.46705 -0.767383 -1.94685 0.0188924  - w = 0.481185
Particle 1:-0.463977 2.92101 4.52662 0.21598 -0.815788 -0.506543 0.036927  - w = 0.120615
Particle 2:1.46625 0.951443 0.040836 16.423 -0.957542 2.0034 0.0179722  - w = 0.0675239
Particle 3:0.182205 1.32931 2.22527 0.399817 -0.952717 0.477749 0.00856819  - w = 0.137144
Particle 4:2.63669 0.899661 2.26068 0.23828 -0.998353 -1.67613 0.0323517  - w = 0.0655844
Particle 5:0.808261 1.32582 7.34479 0.116848 -0.931352 0.412429 0.0617059  - w = 0.077917
Particle 6:0.81062 1.32624 7.3692 0.116557 -0.941112 0.412429 0.079997  - w = 0.0160839
Particle 7:0.804254 1.3588 7.36531 0.115009 -0.959226 0.412429 0.0650561  - w = 0.0339464
Time: 37
Particle 0:3.38531 0.367479 1.23706 0.228501 -0.984299 -1.20433 0.0284392  - w = 0.0117302
Particle 1:1.70006 0.619406 5.40436 0.156306 -0.850194 1.0559 0.00337769  - w = 0.0630367
Particle 2:1.9381 2.97543 2.37634 0.465916 -0.758678 -1.94685 0.010388  - w = 0.297224
Particle 3:1.92859 2.99158 2.37337 0.466857 -0.776001 -1.94685 0.0570074  - w = 0.00324694
Particle 4:-0.464364 2.94545 4.56025 0.215139 -0.814948 -0.506543 0.0401201  - w = 0.0923977
Particle 5:0.185822 1.34412 2.25998 0.399467 -0.948729 0.477749 0.00478234  - w = 0.435917
Particle 6:2.64496 0.904694 2.28385 0.237002 -0.996189 -1.67613 0.0392944  - w = 0.0620724
Particle 7:2.62122 1.54096 7.22728 0.123182 -0.652957 -1.8022 0.00546969  - w = 0.0343752
Time: 38
Particle 0:1.69568 0.615719 5.45454 0.1553 -0.848644 1.0559 0.010324  - w = 0.0461588
Particle 1:1.94004 2.95228 2.38852 0.466406 -0.756148 -1.94685 0.0262742  - w = 0.0933764
Particle 2:2.04703 1.73233 1.70908 0.483627 -0.643092 0.162933 0.0127873  - w = 0.0174
Particle 3:-0.463471 2.94386 4.58375 0.215683 -0.81654 -0.506543 0.00619763  - w = 0.36009
Particle 4:0.188566 1.34983 2.23909 0.400289 -0.952048 0.477749 0.0141655  - w = 0.226171
Particle 5:1.56192 1.42563 3.02836 0.253691 -0.920054 -0.380999 0.0173268  - w = 0.0210361
Particle 6:0.16859 1.36635 2.27877 0.399695 -0.945775 0.477749 0.0157782  - w = 0.21673
Particle 7:2.64263 0.880895 2.29227 0.234453 -0.999 -1.67613 0.053556  - w = 0.019038
Time: 39
Particle 0:0.864934 3.57605 0.959828 0.0430395 -0.731662 -0.433017 0.164704  - w = 0.0256045
Particle 1:1.25607 1.31502 1.31608 0.127764 -0.999815 -1.31077 0.0974575  - w = 0.028495
Particle 2:2.05263 1.76053 1.72159 0.484108 -0.650673 0.162933 0.0314313  - w = 0.0744246
Particle 3:-0.54878 12.3019 1.14338 3.52986 -0.999907 -0.0121996 0.0382229  - w = 0.376571
Particle 4:-0.115486 10.9007 23.8624 0.170689 -0.94155 -3.73962 0.245504  - w = 0.0685877
Particle 5:1.56668 1.41789 3.00375 0.254023 -0.923454 -0.380999 0.0438497  - w = 0.13435
Particle 6:-0.215387 2.17826 3.55411 0.179939 -0.948884 -1.30708 0.0796556  - w = 0.0836616
Particle 7:0.465008 38.6689 11.4825 1.04968 -0.999998 -2.65407 0.147298  - w = 0.208306
Time: 40
Particle 0:0.856138 3.58327 0.95439 0.0420266 -0.73338 -0.433017 0.162442  - w = 0.00490096
Particle 1:1.25005 1.30939 1.27702 0.126807 -0.99147 -1.31077 0.114348  - w = 0.00496604
Particle 2:-1.56679 7.65157 1.16403 1.643 -0.913039 -0.811947 0.122673  - w = 0.0613273
Particle 3:-0.542243 12.2868 1.14975 3.53019 -0.999 -0.0121996 0.150716  - w = 0.724617
Particle 4:-0.115564 10.8938 23.8773 0.168412 -0.941584 -3.73962 0.33068  - w = 0.0199419
Particle 5:0.546086 3.43536 0.211347 0.0208652 -0.751658 0.718958 0.187598  - w = 0.0033596
Particle 6:-0.229687 2.18457 3.53892 0.17922 -0.949697 -1.30708 0.0879359  - w = 0.0558882
Particle 7:0.471649 38.6777 11.4813 1.05045 -0.990927 -2.65407 0.627821  - w = 0.124999
Time: 41
Particle 0:-0.537746 12.2947 1.11666 3.52972 -0.999 -0.0121996 0.12259  - w = 0.128419
Particle 1:-0.539699 12.2918 1.16518 3.53064 -0.999 -0.0121996 0.102688  - w = 0.152679
Particle 2:-0.549086 12.2905 1.13565 3.53038 -0.999 -0.0121996 0.102958  - w = 0.151361
Particle 3:-0.552771 12.2936 1.13784 3.52962 -0.993496 -0.0121996 0.0899657  - w = 0.172347
Particle 4:-0.538823 12.2832 1.16404 3.52891 -0.999 -0.0121996 0.107793  - w = 0.146244
Particle 5:-0.538515 12.2986 1.157 3.53035 -0.994288 -0.0121996 0.107865  - w = 0.148505
Particle 6:-0.207713 2.17766 3.57975 0.178751 -0.945291 -1.30708 0.070497  - w = 0.077592
Particle 7:0.46596 38.6898 11.4966 1.05042 -0.991965 -2.65407 0.663719  - w = 0.0228537
Time: 42
Particle 0:0.249296 2.18373 1.21749 0.0400028 -0.999719 0.687359 0.130015  - w = 0.0391317
Particle 1:-0.318821 6.17489 2.35377 0.00638941 -0.748919 0.101038 0.239399  - w = 0.126805
Particle 2:-0.128081 2.47377 0.305651 0.595334 -0.773603 -0.235286 0.0904923  - w = 0.402543
Particle 3:-0.398072 3.0052 5.05948 0.0557035 -0.999305 2.05051 0.173008  - w = 0.0658611
Particle 4:0.1958 7.0982 11.1455 0.116751 -0.999908 0.758453 0.216188  - w = 0.0815568
Particle 5:-0.448153 3.81586 2.65609 0.0873255 -0.935502 0.348777 0.171397  - w = 0.0846932
Particle 6:-0.327541 5.97109 0.709442 0.06768 -0.751886 -0.53107 0.211059  - w = 0.132915
Particle 7:-0.682024 10.2849 20.6155 0.0993562 -0.997612 -2.19561 0.300868  - w = 0.0664944
Time: 43
Particle 0:0.24107 2.1754 1.20006 0.041765 -0.99696 0.687359 0.182829  - w = 0.00697623
Particle 1:-0.313797 6.1489 2.33577 0.00550657 -0.750641 0.101038 0.5423  - w = 1.5934e-06
Particle 2:-0.120341 2.47836 0.33251 0.595114 -0.768052 -0.235286 0.0728765  - w = 0.905538
Particle 3:-0.403293 3.00742 5.04439 0.0554263 -0.995546 2.05051 0.232348  - w = 0.00942099
Particle 4:0.197407 7.09753 11.1305 0.116282 -0.999 0.758453 0.390296  - w = 0.0225578
Particle 5:-0.447171 3.81866 2.66413 0.0892999 -0.933802 0.348777 0.235053  - w = 0.0277941
Particle 6:-0.315127 5.9666 0.725202 0.0683653 -0.749247 -0.53107 0.323371  - w = 0.00663376
Particle 7:-0.668328 10.2734 20.6085 0.101646 -0.999 -2.19561 0.529675  - w = 0.0210775
Time: 44
Particle 0:-0.968669 2.8524 0.789776 0.132689 -0.995961 -0.783839 0.211481  - w = 0.00756747
Particle 1:-0.131648 2.49115 0.321356 0.594539 -0.759002 -0.235286 0.100704  - w = 0.304866
Particle 2:-1.46094 247.94 0.300005 212.429 -1 0.358196 4.06921  - w = 0.00726725
Particle 3:-0.12005 2.5006 0.315727 0.59529 -0.767637 -0.235286 0.100575  - w = 0.308161
Particle 4:2.23487 201.068 5.25649 9.88854 -1 -5.21566 3.03631  - w = 0.00941226
Particle 5:-5.53695 714.427 61.2804 3.11374 -1 5.17235 11.2448  - w = 0.00499486
Particle 6:-0.113404 2.46183 0.365801 0.597847 -0.766108 -0.235286 0.0991738  - w = 0.352867
Particle 7:1.15811 6.22632 3.57899 0.0650338 -0.852824 -3.05811 0.354911  - w = 0.00486447
Time: 45
Particle 0:-0.128911 2.47745 0.321528 0.595149 -0.757093 -0.235286 0.0888566  - w = 0.19042
Particle 1:-0.129546 2.47285 0.326555 0.59529 -0.758085 -0.235286 0.046113  - w = 0.0739418
Particle 2:-0.122167 2.4964 0.340363 0.59451 -0.770451 -0.235286 0.0783688  - w = 0.25324
Particle 3:-0.112797 2.50051 0.277304 0.595439 -0.754306 -0.235286 0.0604332  - w = 0.12499
Particle 4:-0.112004 2.48209 0.338254 0.594136 -0.769277 -0.235286 0.0577305  - w = 0.145921
Particle 5:-0.106439 2.47873 0.342743 0.597357 -0.764762 -0.235286 0.0511768  - w = 0.111098
Particle 6:-0.109703 2.45909 0.356006 0.598833 -0.770293 -0.235286 0.112214  - w = 0.0915362
Particle 7:-0.114345 2.44703 0.376386 0.599412 -0.765326 -0.235286 0.142477  - w = 0.00885325
Time: 46
Particle 0:-0.122904 2.47532 0.305161 0.596312 -0.759012 -0.235286 0.0578084  - w = 0.268019
Particle 1:-0.129758 1.73482 1.00365 0.0373716 -0.355739 0.090562 0.0552191  - w = 0.0596998
Particle 2:-0.113401 2.50502 0.322143 0.594596 -0.778034 -0.235286 0.039985  - w = 0.256111
Particle 3:0.687246 3.11945 1.5179 0.143662 -0.322298 -0.49821 0.0477102  - w = 0.0863756
Particle 4:1.93276 1.80483 2.22039 0.0400129 -0.396191 -2.20687 0.0448003  - w = 0.179629
Particle 5:-0.837001 3.51199 1.93697 0.130668 -0.34439 0.417723 0.0511014  - w = 0.0436833
Particle 6:-0.117484 2.44762 0.382093 0.597797 -0.767032 -0.235286 0.0407464  - w = 0.102451
Particle 7:-0.113559 2.45799 0.39377 0.59904 -0.769866 -0.235286 0.028253  - w = 0.00403049
Time: 47
Particle 0:1.0503 0.167384 19.4004 0.0096441 0.433785 -1.49268 0.0503669  - w = 0.542456
Particle 1:-0.13074 1.71469 0.9697 0.0378403 -0.364533 0.090562 0.0295834  - w = 0.044835
Particle 2:-0.0238837 63.0917 2870.36 0.0218912 0.980253 -0.161744 3.04014e-07  - w = 0
Particle 3:0.676742 3.11834 1.53746 0.143391 -0.326802 -0.49821 0.0277353  - w = 0.0998179
Particle 4:1.92514 1.8228 2.22558 0.038587 -0.393729 -2.20687 0.0170316  - w = 0.117895
Particle 5:-0.827247 3.52806 1.93643 0.129831 -0.335151 0.417723 0.0266467  - w = 0.00660257
Particle 6:0.58385 0.240157 0.740614 0.0241038 0.918748 2.00513 0.0289857  - w = 0.188394
Particle 7:-1.57092 122.482 5150.77 0.0221877 0.997281 0.158164 1.96766e-09  - w = 0
Time: 48
Particle 0:1.05161 0.169258 19.3976 0.00910079 0.433948 -1.49268 0.0409022  - w = 0.10217
Particle 1:1.04348 0.17179 19.428 0.0112979 0.42565 -1.49268 0.0460568  - w = 0.146423
Particle 2:1.0579 0.161464 19.407 0.00911748 0.432497 -1.49268 0.0442669  - w = 0.109757
Particle 3:1.05327 0.165192 19.426 0.00903765 0.435905 -1.49268 0.0463455  - w = 0.113666
Particle 4:1.05812 0.195657 19.4292 0.00984272 0.431599 -1.49268 0.0457047  - w = 0.123925
Particle 5:0.67288 3.093 1.56991 0.142842 -0.324708 -0.49821 0.0385462  - w = 0.0872455
Particle 6:1.92227 1.84085 2.20806 0.0374884 -0.393674 -2.20687 0.00945968  - w = 0.00092057
Particle 7:0.581752 0.254295 0.72288 0.025558 0.919384 2.00513 0.0271434  - w = 0.315892
Time: 49
Particle 0:1.05576 0.157211 19.4019 0.00904242 0.432842 -1.49268 0.0403101  - w = 0.0604321
Particle 1:1.04124 0.183756 19.3866 0.0135028 0.427537 -1.49268 0.0391071  - w = 0.143726
Particle 2:1.06073 0.151956 19.4414 0.00967457 0.43348 -1.49268 0.0387414  - w = 0.0689747
Particle 3:1.0518 0.162433 19.4473 0.00923456 0.430356 -1.49268 0.043309  - w = 0.0708177
Particle 4:1.05427 0.194637 19.411 0.0098712 0.431416 -1.49268 0.0434774  - w = 0.0846956
Particle 5:0.683765 3.08616 1.55025 0.142065 -0.327499 -0.49821 0.0284953  - w = 0.0226615
Particle 6:1.92158 1.81793 2.19326 0.0372247 -0.387089 -2.20687 0.0128163  - w = 5.15708e-05
Particle 7:0.588908 0.258253 0.705493 0.0247011 0.924268 2.00513 0.0292782  - w = 0.548641
Time: 50
Particle 0:1.04301 0.188119 19.3593 0.0130402 0.434301 -1.49268 0.0362549  - w = 0.160752
Particle 1:-0.061744 0.32285 5.60894 0.011312 0.943672 0.00240723 0.0279058  - w = 0.0302102
Particle 2:0.402395 0.255938 0.164238 0.0251073 0.978928 2.6508 0.0276019  - w = 0.0353459
Particle 3:0.599265 0.258079 0.726215 0.0248152 0.921666 2.00513 0.0316984  - w = 0.169053
Particle 4:0.596477 0.261749 0.712678 0.0249948 0.916224 2.00513 0.0309811  - w = 0.185682
Particle 5:0.580565 0.270549 0.715075 0.02391 0.923418 2.00513 0.0308892  - w = 0.18749
Particle 6:0.591394 0.270625 0.705203 0.0266102 0.923131 2.00513 0.0287515  - w = 0.231466
Particle 7:1.21404 4.53868 172.346 0.0212577 0.990635 1.16939 1.99551e-06  - w = 7.70149e-242
Time: 51
Particle 0:1.04405 0.194067 19.4106 0.0122258 0.435696 -1.49268 0.0330641  - w = 0.086742
Particle 1:-0.0639251 0.317776 5.58829 0.0112738 0.9391 0.00240723 0.0246735  - w = 0.0320207
Particle 2:0.396046 0.246469 0.146998 0.0247585 0.977818 2.6508 0.0245447  - w = 0.0316494
Particle 3:0.605732 0.25109 0.717381 0.0239371 0.91892 2.00513 0.0272033  - w = 0.187694
Particle 4:0.600872 0.240798 0.701924 0.0240871 0.925844 2.00513 0.0298849  - w = 0.208404
Particle 5:0.585971 0.268808 0.735469 0.0234459 0.921475 2.00513 0.0305216  - w = 0.198471
Particle 6:0.584699 0.273455 0.698063 0.0243597 0.922278 2.00513 0.0282651  - w = 0.25502
Particle 7:1.22511 4.54149 172.357 0.0214997 0.999 1.16939 1e-08  - w = 0
Time: 52
Particle 0:1.04487 0.173864 19.3953 0.0120992 0.445934 -1.49268 0.0297283  - w = 0.0340308
Particle 1:-0.0654678 0.333072 5.58541 0.0107032 0.934043 0.00240723 0.0221701  - w = 0.020076
Particle 2:0.408016 0.250514 0.114126 0.0253026 0.981049 2.6508 0.021943  - w = 0.0150166
Particle 3:0.588744 0.226129 0.719947 0.0237861 0.926986 2.00513 0.0256153  - w = 0.180017
Particle 4:0.598132 0.228973 0.705169 0.0230515 0.927862 2.00513 0.0285971  - w = 0.260336
Particle 5:0.583191 0.271398 0.732814 0.0234271 0.922734 2.00513 0.0282169  - w = 0.231885
Particle 6:0.576855 0.279995 0.677125 0.024777 0.926265 2.00513 0.0264786  - w = 0.258638
Particle 7:1.22459 4.52108 172.375 0.0219166 0.997349 1.16939 1e-08  - w = 0
Time: 53
Particle 0:1.04555 0.176362 19.3897 0.0123807 0.440228 -1.49268 0.0277196  - w = 0.014009
Particle 1:-0.0671254 0.330634 5.60586 0.0105612 0.929819 0.00240723 0.0200452  - w = 0.00880659
Particle 2:0.410569 0.24053 0.156682 0.0244579 0.986537 2.6508 0.0214772  - w = 0.00706027
Particle 3:0.586992 0.236724 0.766342 0.0234376 0.9335 2.00513 0.0255935  - w = 0.173133
Particle 4:0.59719 0.217342 0.74198 0.0238848 0.933815 2.00513 0.0289081  - w = 0.318509
Particle 5:0.580721 0.293488 0.710032 0.0237824 0.92665 2.00513 0.0260549  - w = 0.21665
Particle 6:0.579969 0.277626 0.674947 0.0245887 0.930103 2.00513 0.0268791  - w = 0.261832
Particle 7:1.23015 4.52096 172.361 0.0224294 0.994129 1.16939 1e-08  - w = 0
Time: 54
Particle 0:1.03758 0.149212 19.3615 0.0125665 0.442746 -1.49268 0.0256115  - w = 0.0183745
Particle 1:-0.0509378 0.340319 5.63098 0.0105126 0.924457 0.00240723 0.0241383  - w = 0.0148454
Particle 2:0.412011 0.244268 0.146723 0.0249499 0.988476 2.6508 0.0220938  - w = 0.0111621
Particle 3:0.528225 0.294647 6.57725 0.0162644 0.95409 0.967129 0.0366913  - w = 0.0513624
Particle 4:1.143 4.41133 215.3 0.0262973 0.965044 2.3661 4.10273e-07  - w = 0
Particle 5:0.48533 0.265833 0.536636 0.0249956 0.927302 1.47846 0.0313418  - w = 0.0574737
Particle 6:0.588729 0.265672 0.697729 0.0247035 0.932667 2.00513 0.0292326  - w = 0.846782
Particle 7:1.23269 4.51276 172.371 0.0220975 0.992027 1.16939 0.0232853  - w = 0
Time: 55
Particle 0:0.102776 5.59222 183.086 0.0215461 0.933636 0.795789 4.07216e-05  - w = 0
Particle 1:0.243096 9.087 333.077 0.0207924 0.9878 0.667512 8.20958e-07  - w = 0
Particle 2:0.849882 10.971 387.761 0.020516 0.974298 -0.162257 3.19851e-06  - w = 0
Particle 3:0.595332 0.27133 0.714233 0.0241763 0.934876 2.00513 0.0329701  - w = 0.341689
Particle 4:0.582392 0.273576 0.763002 0.0255041 0.936872 2.00513 0.0335399  - w = 0.322678
Particle 5:0.579682 0.26521 0.711061 0.0247315 0.928893 2.00513 0.033228  - w = 0.335633
Particle 6:1.03789 10.9767 385.377 0.0206922 0.979969 0.506644 4.29826e-07  - w = 0
Particle 7:1.10617 7.31985 260.129 0.0210704 0.989622 0.290248 3.17534e-07  - w = 0
Time: 56
Particle 0:0.5877 0.260964 0.749331 0.0224932 0.929882 2.00513 0.0356993  - w = 0.125767
Particle 1:0.598049 0.264501 0.750524 0.0232621 0.940439 2.00513 0.0321189  - w = 0.179574
Particle 2:0.589241 0.268017 0.709658 0.0241555 0.928488 2.00513 0.0344489  - w = 0.140996
Particle 3:0.607153 72.5454 2846.91 0.0193667 0.989894 0.303492 9.91222e-08  - w = 0
Particle 4:0.589165 0.236747 0.746925 0.0250259 0.941076 2.00513 0.0349584  - w = 0.137336
Particle 5:0.598927 0.255422 0.684967 0.0245538 0.935083 2.00513 0.033927  - w = 0.150374
Particle 6:0.571397 0.25843 0.684301 0.0259878 0.938272 2.00513 0.0360422  - w = 0.117081
Particle 7:0.587683 0.274802 0.667753 0.022553 0.933945 2.00513 0.033866  - w = 0.148872
Time: 57
Particle 0:2.244 53.1309 1701.65 0.0205231 0.985643 3.67968 9.04635e-10  - w = 0
Particle 1:3.84604 61.4649 1975.95 0.0201781 0.998503 -0.566104 7.48656e-09  - w = 0
Particle 2:9.01973 309.514 9936.73 0.0207267 0.999375 2.37968 3.18722e-15  - w = 0
Particle 3:0.609801 72.5298 2846.91 0.0193512 0.988631 0.303492 1.47715  - w = 0
Particle 4:0.0333839 0.0351088 29.5362 0.0053456 0.858203 -1.0333 0.0688401  - w = 0.844306
Particle 5:0.639693 9.18314 298.601 0.0210867 0.976884 2.17345 1.08343e-06  - w = 0
Particle 6:5.47246 499.393 16545.8 0.0208117 0.997773 0.889991 3.76179e-10  - w = 0
Particle 7:-1.58166 0.407141 0.564553 0.023711 0.983998 2.63497 0.0293329  - w = 0.155694
Time: 58
Particle 0:0.0245299 0.0307912 29.601 0.00399853 0.853077 -1.0333 0.0613302  - w = 0.0885344
Particle 1:0.0431359 0.0182973 29.5448 0.00463958 0.862686 -1.0333 0.0612502  - w = 0.094502
Particle 2:0.0436696 0.0312838 29.5336 0.00516262 0.856847 -1.0333 0.0615581  - w = 0.101683
Particle 3:0.0343457 0.055543 29.5051 0.00481364 0.861284 -1.0333 0.0607225  - w = 0.0967633
Particle 4:0.0356426 0.0337208 29.5326 0.00480051 0.855922 -1.0333 0.0606388  - w = 0.0954029
Particle 5:0.0307936 0.0428778 29.5437 0.005733 0.857619 -1.0333 0.060881  - w = 0.107127
Particle 6:0.0266915 0.0346455 29.5196 0.00604079 0.858907 -1.0333 0.0612289  - w = 0.111815
Particle 7:-1.58706 0.392267 0.592691 0.0250532 0.979451 2.63497 0.0252862  - w = 0.304173
Time: 59
Particle 0:0.0385989 0.0243976 29.6128 0.00458025 0.859215 -1.0333 0.0542213  - w = 0.0460363
Particle 1:0.0397268 0.0136794 29.5708 0.00595484 0.864022 -1.0333 0.0546696  - w = 0.0574103
Particle 2:0.0520332 0.0296604 29.5346 0.00466006 0.87179 -1.0333 0.0550074  - w = 0.0545349
Particle 3:0.0382034 0.0567142 29.5036 0.00531212 0.866156 -1.0333 0.0537279  - w = 0.0546856
Particle 4:0.0319631 0.0365013 29.5807 0.00521782 0.861588 -1.0333 0.0536455  - w = 0.0527592
Particle 5:0.0368827 0.0394393 29.5514 0.00665967 0.85576 -1.0333 0.0549202  - w = 0.0712931
Particle 6:0.0369206 0.0242619 29.508 0.00535116 0.858328 -1.0333 0.0542734  - w = 0.0635644
Particle 7:-1.58399 0.383094 0.594324 0.0248938 0.988876 2.63497 0.0235799  - w = 0.599716
Time: 60
Particle 0:0.0384788 0.0289981 29.5354 0.00499445 0.868602 -1.0333 0.0494598  - w = 0.0628227
Particle 1:0.0354931 0.0141116 29.6024 0.00568961 0.870195 -1.0333 0.0479773  - w = 0.0652563
Particle 2:0.0415777 0.0473839 29.5055 0.00624017 0.856781 -1.0333 0.0481145  - w = 0.0705117
Particle 3:-1.57529 0.393993 0.570094 0.0256929 0.989592 2.63497 0.0280153  - w = 0.163059
Particle 4:-1.58817 0.37027 0.579416 0.0242618 0.990925 2.63497 0.0272533  - w = 0.159884
Particle 5:-1.58951 0.393169 0.606822 0.0242367 0.987195 2.63497 0.0267171  - w = 0.152003
Particle 6:-1.58075 0.385187 0.580821 0.0257924 0.986814 2.63497 0.027229  - w = 0.158567
Particle 7:-1.57601 0.358561 0.567198 0.0247281 0.992784 2.63497 0.0278935  - w = 0.167896
Time: 61
Particle 0:2.64788 0.524975 15.9238 0.0405927 0.987501 -0.78879 7.80501e-06  - w = 0
Particle 1:1.56574 0.234957 1.63581 0.0721563 0.968085 -1.12716 0.0184556  - w = 0.0949618
Particle 2:0.190275 0.378532 7.12022 0.0556761 0.978999 0.454851 0.00850244  - w = 0.188386
Particle 3:0.362803 0.415416 1464.64 0.0309755 0.481882 1.0669 4.89653e-08  - w = 0
Particle 4:0.912898 0.262082 1.69594 0.121948 0.829474 0.263053 0.0114334  - w = 0.133674
Particle 5:-0.612499 0.54491 13.3231 0.0463196 0.910062 0.272374 0.00141189  - w = 0.501825
Particle 6:0.584149 0.570556 11.8747 0.0469821 0.840392 0.00996729 0.00169185  - w = 0.0811533
Particle 7:0.550696 0.714432 18.4599 0.044995 0.843586 1.99783 5.24422e-05  - w = 1.56667e-22
